Component: ARM Compiler 5.05 update 1 (build 106) Tool: armlink [4d0efa]

==============================================================================

Section Cross References

    misc.o(i.NVIC_Init) refers to main.o(i.assert_failed) for assert_failed
    misc.o(i.NVIC_PriorityGroupConfig) refers to main.o(i.assert_failed) for assert_failed
    misc.o(i.NVIC_SetVectorTable) refers to main.o(i.assert_failed) for assert_failed
    misc.o(i.NVIC_SystemLPConfig) refers to main.o(i.assert_failed) for assert_failed
    misc.o(i.SysTick_CLKSourceConfig) refers to main.o(i.assert_failed) for assert_failed
    stm32f10x_adc.o(i.ADC_AnalogWatchdogCmd) refers to main.o(i.assert_failed) for assert_failed
    stm32f10x_adc.o(i.ADC_AnalogWatchdogSingleChannelConfig) refers to main.o(i.assert_failed) for assert_failed
    stm32f10x_adc.o(i.ADC_AnalogWatchdogThresholdsConfig) refers to main.o(i.assert_failed) for assert_failed
    stm32f10x_adc.o(i.ADC_AutoInjectedConvCmd) refers to main.o(i.assert_failed) for assert_failed
    stm32f10x_adc.o(i.ADC_ClearFlag) refers to main.o(i.assert_failed) for assert_failed
    stm32f10x_adc.o(i.ADC_ClearITPendingBit) refers to main.o(i.assert_failed) for assert_failed
    stm32f10x_adc.o(i.ADC_Cmd) refers to main.o(i.assert_failed) for assert_failed
    stm32f10x_adc.o(i.ADC_DMACmd) refers to main.o(i.assert_failed) for assert_failed
    stm32f10x_adc.o(i.ADC_DeInit) refers to main.o(i.assert_failed) for assert_failed
    stm32f10x_adc.o(i.ADC_DeInit) refers to stm32f10x_rcc.o(i.RCC_APB2PeriphResetCmd) for RCC_APB2PeriphResetCmd
    stm32f10x_adc.o(i.ADC_DiscModeChannelCountConfig) refers to main.o(i.assert_failed) for assert_failed
    stm32f10x_adc.o(i.ADC_DiscModeCmd) refers to main.o(i.assert_failed) for assert_failed
    stm32f10x_adc.o(i.ADC_ExternalTrigConvCmd) refers to main.o(i.assert_failed) for assert_failed
    stm32f10x_adc.o(i.ADC_ExternalTrigInjectedConvCmd) refers to main.o(i.assert_failed) for assert_failed
    stm32f10x_adc.o(i.ADC_ExternalTrigInjectedConvConfig) refers to main.o(i.assert_failed) for assert_failed
    stm32f10x_adc.o(i.ADC_GetCalibrationStatus) refers to main.o(i.assert_failed) for assert_failed
    stm32f10x_adc.o(i.ADC_GetConversionValue) refers to main.o(i.assert_failed) for assert_failed
    stm32f10x_adc.o(i.ADC_GetFlagStatus) refers to main.o(i.assert_failed) for assert_failed
    stm32f10x_adc.o(i.ADC_GetITStatus) refers to main.o(i.assert_failed) for assert_failed
    stm32f10x_adc.o(i.ADC_GetInjectedConversionValue) refers to main.o(i.assert_failed) for assert_failed
    stm32f10x_adc.o(i.ADC_GetResetCalibrationStatus) refers to main.o(i.assert_failed) for assert_failed
    stm32f10x_adc.o(i.ADC_GetSoftwareStartConvStatus) refers to main.o(i.assert_failed) for assert_failed
    stm32f10x_adc.o(i.ADC_GetSoftwareStartInjectedConvCmdStatus) refers to main.o(i.assert_failed) for assert_failed
    stm32f10x_adc.o(i.ADC_ITConfig) refers to main.o(i.assert_failed) for assert_failed
    stm32f10x_adc.o(i.ADC_Init) refers to main.o(i.assert_failed) for assert_failed
    stm32f10x_adc.o(i.ADC_InjectedChannelConfig) refers to main.o(i.assert_failed) for assert_failed
    stm32f10x_adc.o(i.ADC_InjectedDiscModeCmd) refers to main.o(i.assert_failed) for assert_failed
    stm32f10x_adc.o(i.ADC_InjectedSequencerLengthConfig) refers to main.o(i.assert_failed) for assert_failed
    stm32f10x_adc.o(i.ADC_RegularChannelConfig) refers to main.o(i.assert_failed) for assert_failed
    stm32f10x_adc.o(i.ADC_ResetCalibration) refers to main.o(i.assert_failed) for assert_failed
    stm32f10x_adc.o(i.ADC_SetInjectedOffset) refers to main.o(i.assert_failed) for assert_failed
    stm32f10x_adc.o(i.ADC_SoftwareStartConvCmd) refers to main.o(i.assert_failed) for assert_failed
    stm32f10x_adc.o(i.ADC_SoftwareStartInjectedConvCmd) refers to main.o(i.assert_failed) for assert_failed
    stm32f10x_adc.o(i.ADC_StartCalibration) refers to main.o(i.assert_failed) for assert_failed
    stm32f10x_adc.o(i.ADC_TempSensorVrefintCmd) refers to main.o(i.assert_failed) for assert_failed
    stm32f10x_bkp.o(i.BKP_DeInit) refers to stm32f10x_rcc.o(i.RCC_BackupResetCmd) for RCC_BackupResetCmd
    stm32f10x_bkp.o(i.BKP_ITConfig) refers to main.o(i.assert_failed) for assert_failed
    stm32f10x_bkp.o(i.BKP_RTCOutputConfig) refers to main.o(i.assert_failed) for assert_failed
    stm32f10x_bkp.o(i.BKP_ReadBackupRegister) refers to main.o(i.assert_failed) for assert_failed
    stm32f10x_bkp.o(i.BKP_SetRTCCalibrationValue) refers to main.o(i.assert_failed) for assert_failed
    stm32f10x_bkp.o(i.BKP_TamperPinCmd) refers to main.o(i.assert_failed) for assert_failed
    stm32f10x_bkp.o(i.BKP_TamperPinLevelConfig) refers to main.o(i.assert_failed) for assert_failed
    stm32f10x_bkp.o(i.BKP_WriteBackupRegister) refers to main.o(i.assert_failed) for assert_failed
    stm32f10x_can.o(i.CAN_CancelTransmit) refers to main.o(i.assert_failed) for assert_failed
[...]
    printf4.o(i.__0vprintf$4) refers to usart.o(i.fputc) for fputc
    printf4.o(i.__0vprintf$4) refers to usart.o(.data) for __stdout
    printf4.o(i.__0vsnprintf$4) refers to printf4.o(i._printf_core) for _printf_core
    printf4.o(i.__0vsnprintf$4) refers to printf4.o(i._snputc) for _snputc
    printf4.o(i.__0vsprintf$4) refers to printf4.o(i._printf_core) for _printf_core
    printf4.o(i.__0vsprintf$4) refers to printf4.o(i._sputc) for _sputc
    printf4.o(i._printf_core) refers to uldiv.o(.text) for __aeabi_uldivmod
    printf5.o(i.__0fprintf$5) refers to printf5.o(i._printf_core) for _printf_core
    printf5.o(i.__0fprintf$5) refers to usart.o(i.fputc) for fputc
    printf5.o(i.__0printf$5) refers to printf5.o(i._printf_core) for _printf_core
    printf5.o(i.__0printf$5) refers to usart.o(i.fputc) for fputc
    printf5.o(i.__0printf$5) refers to usart.o(.data) for __stdout
    printf5.o(i.__0snprintf$5) refers to printf5.o(i._printf_core) for _printf_core
    printf5.o(i.__0snprintf$5) refers to printf5.o(i._snputc) for _snputc
    printf5.o(i.__0sprintf$5) refers to printf5.o(i._printf_core) for _printf_core
    printf5.o(i.__0sprintf$5) refers to printf5.o(i._sputc) for _sputc
    printf5.o(i.__0vfprintf$5) refers to printf5.o(i._printf_core) for _printf_core
    printf5.o(i.__0vfprintf$5) refers to usart.o(i.fputc) for fputc
    printf5.o(i.__0vprintf$5) refers to printf5.o(i._printf_core) for _printf_core
    printf5.o(i.__0vprintf$5) refers to usart.o(i.fputc) for fputc
    printf5.o(i.__0vprintf$5) refers to usart.o(.data) for __stdout
    printf5.o(i.__0vsnprintf$5) refers to printf5.o(i._printf_core) for _printf_core
    printf5.o(i.__0vsnprintf$5) refers to printf5.o(i._snputc) for _snputc
    printf5.o(i.__0vsprintf$5) refers to printf5.o(i._printf_core) for _printf_core
    printf5.o(i.__0vsprintf$5) refers to printf5.o(i._sputc) for _sputc
    printf5.o(i._printf_core) refers to uldiv.o(.text) for __aeabi_uldivmod
    printf6.o(i.__0fprintf$6) refers to printf6.o(i._printf_core) for _printf_core
    printf6.o(i.__0fprintf$6) refers to usart.o(i.fputc) for fputc
    printf6.o(i.__0printf$6) refers to printf6.o(i._printf_core) for _printf_core
    printf6.o(i.__0printf$6) refers to usart.o(i.fputc) for fputc
    printf6.o(i.__0printf$6) refers to usart.o(.data) for __stdout
    printf6.o(i.__0snprintf$6) refers to printf6.o(i._printf_core) for _printf_core
    printf6.o(i.__0snprintf$6) refers to printf6.o(i._snputc) for _snputc
    printf6.o(i.__0sprintf$6) refers to printf6.o(i._printf_core) for _printf_core
    printf6.o(i.__0sprintf$6) refers to printf6.o(i._sputc) for _sputc
    printf6.o(i.__0vfprintf$6) refers to printf6.o(i._printf_core) for _printf_core
    printf6.o(i.__0vfprintf$6) refers to usart.o(i.fputc) for fputc
    printf6.o(i.__0vprintf$6) refers to printf6.o(i._printf_core) for _printf_core
    printf6.o(i.__0vprintf$6) refers to usart.o(i.fputc) for fputc
    printf6.o(i.__0vprintf$6) refers to usart.o(.data) for __stdout
    printf6.o(i.__0vsnprintf$6) refers to printf6.o(i._printf_core) for _printf_core
    printf6.o(i.__0vsnprintf$6) refers to printf6.o(i._snputc) for _snputc
    printf6.o(i.__0vsprintf$6) refers to printf6.o(i._printf_core) for _printf_core
    printf6.o(i.__0vsprintf$6) refers to printf6.o(i._sputc) for _sputc
    printf6.o(i._printf_core) refers to printf6.o(i._printf_pre_padding) for _printf_pre_padding
    printf6.o(i._printf_core) refers to uidiv.o(.text) for __aeabi_uidivmod
    printf6.o(i._printf_core) refers to printf6.o(i._printf_post_padding) for _printf_post_padding
    printf7.o(i.__0fprintf$7) refers to printf7.o(i._printf_core) for _printf_core
    printf7.o(i.__0fprintf$7) refers to usart.o(i.fputc) for fputc
    printf7.o(i.__0printf$7) refers to printf7.o(i._printf_core) for _printf_core
    printf7.o(i.__0printf$7) refers to usart.o(i.fputc) for fputc
    printf7.o(i.__0printf$7) refers to usart.o(.data) for __stdout
    printf7.o(i.__0snprintf$7) refers to printf7.o(i._printf_core) for _printf_core
    printf7.o(i.__0snprintf$7) refers to printf7.o(i._snputc) for _snputc
    printf7.o(i.__0sprintf$7) refers to printf7.o(i._printf_core) for _printf_core
    printf7.o(i.__0sprintf$7) refers to printf7.o(i._sputc) for _sputc
    printf7.o(i.__0vfprintf$7) refers to printf7.o(i._printf_core) for _printf_core
    printf7.o(i.__0vfprintf$7) refers to usart.o(i.fputc) for fputc
    printf7.o(i.__0vprintf$7) refers to printf7.o(i._printf_core) for _printf_core
    printf7.o(i.__0vprintf$7) refers to usart.o(i.fputc) for fputc
    printf7.o(i.__0vprintf$7) refers to usart.o(.data) for __stdout
    printf7.o(i.__0vsnprintf$7) refers to printf7.o(i._printf_core) for _printf_core
    printf7.o(i.__0vsnprintf$7) refers to printf7.o(i._snputc) for _snputc
    printf7.o(i.__0vsprintf$7) refers to printf7.o(i._printf_core) for _printf_core
    printf7.o(i.__0vsprintf$7) refers to printf7.o(i._sputc) for _sputc
    printf7.o(i._printf_core) refers to printf7.o(i._printf_pre_padding) for _printf_pre_padding
    printf7.o(i._printf_core) refers to uldiv.o(.text) for __aeabi_uldivmod
    printf7.o(i._printf_core) refers to printf7.o(i._printf_post_padding) for _printf_post_padding
    printf8.o(i.__0fprintf$8) refers to printf8.o(i._printf_core) for _printf_core
    printf8.o(i.__0fprintf$8) refers to usart.o(i.fputc) for fputc
    printf8.o(i.__0printf$8) refers to printf8.o(i._printf_core) for _printf_core
    printf8.o(i.__0printf$8) refers to usart.o(i.fputc) for fputc
    printf8.o(i.__0printf$8) refers to usart.o(.data) for __stdout
    printf8.o(i.__0snprintf$8) refers to printf8.o(i._printf_core) for _printf_core
    printf8.o(i.__0snprintf$8) refers to printf8.o(i._snputc) for _snputc
    printf8.o(i.__0sprintf$8) refers to printf8.o(i._printf_core) for _printf_core
    printf8.o(i.__0sprintf$8) refers to printf8.o(i._sputc) for _sputc
    printf8.o(i.__0vfprintf$8) refers to printf8.o(i._printf_core) for _printf_core
    printf8.o(i.__0vfprintf$8) refers to usart.o(i.fputc) for fputc
    printf8.o(i.__0vprintf$8) refers to printf8.o(i._printf_core) for _printf_core
    printf8.o(i.__0vprintf$8) refers to usart.o(i.fputc) for fputc
    printf8.o(i.__0vprintf$8) refers to usart.o(.data) for __stdout
    printf8.o(i.__0vsnprintf$8) refers to printf8.o(i._printf_core) for _printf_core
    printf8.o(i.__0vsnprintf$8) refers to printf8.o(i._snputc) for _snputc
    printf8.o(i.__0vsprintf$8) refers to printf8.o(i._printf_core) for _printf_core
    printf8.o(i.__0vsprintf$8) refers to printf8.o(i._sputc) for _sputc
    printf8.o(i._printf_core) refers to printf8.o(i._printf_pre_padding) for _printf_pre_padding
    printf8.o(i._printf_core) refers to uldiv.o(.text) for __aeabi_uldivmod
    printf8.o(i._printf_core) refers to printf8.o(i._printf_post_padding) for _printf_post_padding
    printfa.o(i.__0fprintf) refers (Special) to iusefp.o(.text) for __I$use$fp
    printfa.o(i.__0fprintf) refers to printfa.o(i._printf_core) for _printf_core
    printfa.o(i.__0fprintf) refers to usart.o(i.fputc) for fputc
    printfa.o(i.__0printf) refers (Special) to iusefp.o(.text) for __I$use$fp
    printfa.o(i.__0printf) refers to printfa.o(i._printf_core) for _printf_core
    printfa.o(i.__0printf) refers to usart.o(i.fputc) for fputc
    printfa.o(i.__0printf) refers to usart.o(.data) for __stdout
    printfa.o(i.__0snprintf) refers (Special) to iusefp.o(.text) for __I$use$fp
    printfa.o(i.__0snprintf) refers to printfa.o(i._printf_core) for _printf_core
    printfa.o(i.__0snprintf) refers to printfa.o(i._snputc) for _snputc
    printfa.o(i.__0sprintf) refers (Special) to iusefp.o(.text) for __I$use$fp
    printfa.o(i.__0sprintf) refers to printfa.o(i._printf_core) for _printf_core
    printfa.o(i.__0sprintf) refers to printfa.o(i._sputc) for _sputc
    printfa.o(i.__0vfprintf) refers (Special) to iusefp.o(.text) for __I$use$fp
    printfa.o(i.__0vfprintf) refers to printfa.o(i._printf_core) for _printf_core
    printfa.o(i.__0vfprintf) refers to usart.o(i.fputc) for fputc
    printfa.o(i.__0vprintf) refers (Special) to iusefp.o(.text) for __I$use$fp
    printfa.o(i.__0vprintf) refers to printfa.o(i._printf_core) for _printf_core
    printfa.o(i.__0vprintf) refers to usart.o(i.fputc) for fputc
    printfa.o(i.__0vprintf) refers to usart.o(.data) for __stdout
    printfa.o(i.__0vsnprintf) refers (Special) to iusefp.o(.text) for __I$use$fp
    printfa.o(i.__0vsnprintf) refers to printfa.o(i._printf_core) for _printf_core
    printfa.o(i.__0vsnprintf) refers to printfa.o(i._snputc) for _snputc
    printfa.o(i.__0vsprintf) refers (Special) to iusefp.o(.text) for __I$use$fp
    printfa.o(i.__0vsprintf) refers to printfa.o(i._printf_core) for _printf_core
    printfa.o(i.__0vsprintf) refers to printfa.o(i._sputc) for _sputc
    printfa.o(i._fp_digits) refers (Special) to iusefp.o(.text) for __I$use$fp
    printfa.o(i._fp_digits) refers to dmul.o(.text) for __aeabi_dmul
    printfa.o(i._fp_digits) refers to ddiv.o(.text) for __aeabi_ddiv
    printfa.o(i._fp_digits) refers to cdrcmple.o(.text) for __aeabi_cdrcmple
    printfa.o(i._fp_digits) refers to dadd.o(.text) for __aeabi_dadd
    printfa.o(i._fp_digits) refers to dfixul.o(.text) for __aeabi_d2ulz
    printfa.o(i._fp_digits) refers to uldiv.o(.text) for __aeabi_uldivmod
    printfa.o(i._printf_core) refers (Special) to iusefp.o(.text) for __I$use$fp
    printfa.o(i._printf_core) refers to printfa.o(i._printf_pre_padding) for _printf_pre_padding
    printfa.o(i._printf_core) refers to uldiv.o(.text) for __aeabi_uldivmod
    printfa.o(i._printf_core) refers to printfa.o(i._printf_post_padding) for _printf_post_padding
    printfa.o(i._printf_core) refers to printfa.o(i._fp_digits) for _fp_digits
    printfa.o(i._printf_core) refers to uidiv.o(.text) for __aeabi_uidivmod
    printfa.o(i._printf_post_padding) refers (Special) to iusefp.o(.text) for __I$use$fp
    printfa.o(i._printf_pre_padding) refers (Special) to iusefp.o(.text) for __I$use$fp
    printfa.o(i._snputc) refers (Special) to iusefp.o(.text) for __I$use$fp
    printfa.o(i._sputc) refers (Special) to iusefp.o(.text) for __I$use$fp
    entry2.o(.ARM.Collect$$$$00000001) refers to entry2.o(.ARM.Collect$$$$00002712) for __lit__00000000
    entry2.o(.ARM.Collect$$$$00002712) refers to startup_stm32f10x_md.o(STACK) for __initial_sp
    entry2.o(__vectab_stack_and_reset_area) refers to startup_stm32f10x_md.o(STACK) for __initial_sp
    entry2.o(__vectab_stack_and_reset_area) refers to entry.o(.ARM.Collect$$$$00000000) for __main
    entry5.o(.ARM.Collect$$$$00000004) refers to init.o(.text) for __scatterload
    entry9a.o(.ARM.Collect$$$$0000000B) refers to main.o(i.main) for main
    entry9b.o(.ARM.Collect$$$$0000000C) refers to main.o(i.main) for main
    uldiv.o(.text) refers to llushr.o(.text) for __aeabi_llsr
    uldiv.o(.text) refers to llshl.o(.text) for __aeabi_llsl
    dadd.o(.text) refers to llshl.o(.text) for __aeabi_llsl
    dadd.o(.text) refers to llsshr.o(.text) for __aeabi_lasr
    dadd.o(.text) refers to depilogue.o(.text) for _double_epilogue
    dmul.o(.text) refers to depilogue.o(.text) for _double_epilogue
    ddiv.o(.text) refers to depilogue.o(.text) for _double_round
    dfixul.o(.text) refers to llushr.o(.text) for __aeabi_llsr
    dfixul.o(.text) refers to llshl.o(.text) for __aeabi_llsl
    init.o(.text) refers to entry5.o(.ARM.Collect$$$$00000004) for __main_after_scatterload
    depilogue.o(.text) refers to llshl.o(.text) for __aeabi_llsl
    depilogue.o(.text) refers to llushr.o(.text) for __aeabi_llsr


==============================================================================

Removing Unused input sections from the image.

    Removing misc.o(i.NVIC_SetVectorTable), (76 bytes).
    Removing misc.o(i.NVIC_SystemLPConfig), (72 bytes).
    Removing misc.o(i.SysTick_CLKSourceConfig), (52 bytes).
    Removing stm32f10x_adc.o(i.ADC_AnalogWatchdogCmd), (140 bytes).
    Removing stm32f10x_adc.o(i.ADC_AnalogWatchdogSingleChannelConfig), (160 bytes).
    Removing stm32f10x_adc.o(i.ADC_AnalogWatchdogThresholdsConfig), (112 bytes).
    Removing stm32f10x_adc.o(i.ADC_AutoInjectedConvCmd), (100 bytes).
    Removing stm32f10x_adc.o(i.ADC_ClearFlag), (88 bytes).
    Removing stm32f10x_adc.o(i.ADC_ClearITPendingBit), (92 bytes).
    Removing stm32f10x_adc.o(i.ADC_Cmd), (100 bytes).
    Removing stm32f10x_adc.o(i.ADC_DMACmd), (92 bytes).
    Removing stm32f10x_adc.o(i.ADC_DeInit), (116 bytes).
    Removing stm32f10x_adc.o(i.ADC_DiscModeChannelCountConfig), (100 bytes).
    Removing stm32f10x_adc.o(i.ADC_DiscModeCmd), (100 bytes).
    Removing stm32f10x_adc.o(i.ADC_ExternalTrigConvCmd), (100 bytes).
    Removing stm32f10x_adc.o(i.ADC_ExternalTrigInjectedConvCmd), (100 bytes).
    Removing stm32f10x_adc.o(i.ADC_ExternalTrigInjectedConvConfig), (132 bytes).
    Removing stm32f10x_adc.o(i.ADC_GetCalibrationStatus), (80 bytes).
    Removing stm32f10x_adc.o(i.ADC_GetConversionValue), (72 bytes).
    Removing stm32f10x_adc.o(i.ADC_GetDualModeConversionValue), (12 bytes).
    Removing stm32f10x_adc.o(i.ADC_GetFlagStatus), (112 bytes).
    Removing stm32f10x_adc.o(i.ADC_GetITStatus), (120 bytes).
    Removing stm32f10x_adc.o(i.ADC_GetInjectedConversionValue), (108 bytes).
    Removing stm32f10x_adc.o(i.ADC_GetResetCalibrationStatus), (80 bytes).
    Removing stm32f10x_adc.o(i.ADC_GetSoftwareStartConvStatus), (80 bytes).
    Removing stm32f10x_adc.o(i.ADC_GetSoftwareStartInjectedConvCmdStatus), (80 bytes).
    Removing stm32f10x_adc.o(i.ADC_ITConfig), (120 bytes).
    Removing stm32f10x_adc.o(i.ADC_Init), (320 bytes).
    Removing stm32f10x_adc.o(i.ADC_InjectedChannelConfig), (284 bytes).
    Removing stm32f10x_adc.o(i.ADC_InjectedDiscModeCmd), (100 bytes).
    Removing stm32f10x_adc.o(i.ADC_InjectedSequencerLengthConfig), (100 bytes).
    Removing stm32f10x_adc.o(i.ADC_RegularChannelConfig), (328 bytes).
    Removing stm32f10x_adc.o(i.ADC_ResetCalibration), (76 bytes).
    Removing stm32f10x_adc.o(i.ADC_SetInjectedOffset), (124 bytes).
    Removing stm32f10x_adc.o(i.ADC_SoftwareStartConvCmd), (100 bytes).
    Removing stm32f10x_adc.o(i.ADC_SoftwareStartInjectedConvCmd), (100 bytes).
    Removing stm32f10x_adc.o(i.ADC_StartCalibration), (76 bytes).
    Removing stm32f10x_adc.o(i.ADC_StructInit), (18 bytes).
    Removing stm32f10x_adc.o(i.ADC_TempSensorVrefintCmd), (64 bytes).
    Removing stm32f10x_bkp.o(i.BKP_ClearFlag), (16 bytes).
    Removing stm32f10x_bkp.o(i.BKP_ClearITPendingBit), (16 bytes).
    Removing stm32f10x_bkp.o(i.BKP_DeInit), (18 bytes).
    Removing stm32f10x_bkp.o(i.BKP_GetFlagStatus), (12 bytes).
    Removing stm32f10x_bkp.o(i.BKP_GetITStatus), (12 bytes).
    Removing stm32f10x_bkp.o(i.BKP_ITConfig), (48 bytes).
    Removing stm32f10x_bkp.o(i.BKP_RTCOutputConfig), (68 bytes).
    Removing stm32f10x_bkp.o(i.BKP_ReadBackupRegister), (220 bytes).
    Removing stm32f10x_bkp.o(i.BKP_SetRTCCalibrationValue), (56 bytes).
    Removing stm32f10x_bkp.o(i.BKP_TamperPinCmd), (48 bytes).
    Removing stm32f10x_bkp.o(i.BKP_TamperPinLevelConfig), (48 bytes).
    Removing stm32f10x_bkp.o(i.BKP_WriteBackupRegister), (220 bytes).
    Removing stm32f10x_can.o(i.CAN_CancelTransmit), (108 bytes).
    Removing stm32f10x_can.o(i.CAN_ClearFlag), (184 bytes).
    Removing stm32f10x_can.o(i.CAN_ClearITPendingBit), (248 bytes).
    Removing stm32f10x_can.o(i.CAN_DBGFreeze), (92 bytes).
    Removing stm32f10x_can.o(i.CAN_DeInit), (88 bytes).
    Removing stm32f10x_can.o(i.CAN_FIFORelease), (92 bytes).
    Removing stm32f10x_can.o(i.CAN_FilterInit), (316 bytes).
    Removing stm32f10x_can.o(i.CAN_GetFlagStatus), (232 bytes).
    Removing stm32f10x_can.o(i.CAN_GetITStatus), (316 bytes).
    Removing stm32f10x_can.o(i.CAN_GetLSBTransmitErrorCounter), (64 bytes).
    Removing stm32f10x_can.o(i.CAN_GetLastErrorCode), (64 bytes).
    Removing stm32f10x_can.o(i.CAN_GetReceiveErrorCounter), (60 bytes).
    Removing stm32f10x_can.o(i.CAN_ITConfig), (168 bytes).
    Removing stm32f10x_can.o(i.CAN_Init), (476 bytes).
    Removing stm32f10x_can.o(i.CAN_MessagePending), (92 bytes).
    Removing stm32f10x_can.o(i.CAN_OperatingModeRequest), (212 bytes).
    Removing stm32f10x_can.o(i.CAN_Receive), (216 bytes).
    Removing stm32f10x_can.o(i.CAN_SlaveStartBank), (84 bytes).
    Removing stm32f10x_can.o(i.CAN_Sleep), (84 bytes).
    Removing stm32f10x_can.o(i.CAN_StructInit), (32 bytes).
    Removing stm32f10x_can.o(i.CAN_TTComModeCmd), (160 bytes).
    Removing stm32f10x_can.o(i.CAN_Transmit), (308 bytes).
    Removing stm32f10x_can.o(i.CAN_TransmitStatus), (180 bytes).
    Removing stm32f10x_can.o(i.CAN_WakeUp), (96 bytes).
    Removing stm32f10x_can.o(i.CheckITStatus), (12 bytes).
    Removing stm32f10x_cec.o(i.CEC_ClearFlag), (72 bytes).
    Removing stm32f10x_cec.o(i.CEC_ClearITPendingBit), (80 bytes).
    Removing stm32f10x_cec.o(i.CEC_Cmd), (64 bytes).
    Removing stm32f10x_cec.o(i.CEC_DeInit), (24 bytes).
    Removing stm32f10x_cec.o(i.CEC_EndOfMessageCmd), (52 bytes).
    Removing stm32f10x_cec.o(i.CEC_GetFlagStatus), (160 bytes).
    Removing stm32f10x_cec.o(i.CEC_GetITStatus), (84 bytes).
    Removing stm32f10x_cec.o(i.CEC_ITConfig), (48 bytes).
    Removing stm32f10x_cec.o(i.CEC_Init), (80 bytes).
    Removing stm32f10x_cec.o(i.CEC_OwnAddressConfig), (48 bytes).
    Removing stm32f10x_cec.o(i.CEC_ReceiveDataByte), (12 bytes).
    Removing stm32f10x_cec.o(i.CEC_SendDataByte), (12 bytes).
    Removing stm32f10x_cec.o(i.CEC_SetPrescaler), (48 bytes).
    Removing stm32f10x_cec.o(i.CEC_StartOfMessage), (16 bytes).
    Removing stm32f10x_crc.o(i.CRC_CalcBlockCRC), (28 bytes).
    Removing stm32f10x_crc.o(i.CRC_CalcCRC), (12 bytes).
    Removing stm32f10x_crc.o(i.CRC_GetCRC), (12 bytes).
    Removing stm32f10x_crc.o(i.CRC_GetIDRegister), (12 bytes).
    Removing stm32f10x_crc.o(i.CRC_ResetDR), (12 bytes).
    Removing stm32f10x_crc.o(i.CRC_SetIDRegister), (12 bytes).
    Removing stm32f10x_dac.o(i.DAC_Cmd), (84 bytes).
    Removing stm32f10x_dac.o(i.DAC_DMACmd), (84 bytes).
    Removing stm32f10x_dac.o(i.DAC_DeInit), (24 bytes).
    Removing stm32f10x_dac.o(i.DAC_DualSoftwareTriggerCmd), (64 bytes).
    Removing stm32f10x_dac.o(i.DAC_GetDataOutputValue), (68 bytes).
    Removing stm32f10x_dac.o(i.DAC_Init), (224 bytes).
    Removing stm32f10x_dac.o(i.DAC_SetChannel1Data), (88 bytes).
    Removing stm32f10x_dac.o(i.DAC_SetChannel2Data), (88 bytes).
    Removing stm32f10x_dac.o(i.DAC_SetDualChannelData), (112 bytes).
    Removing stm32f10x_dac.o(i.DAC_SoftwareTriggerCmd), (88 bytes).
    Removing stm32f10x_dac.o(i.DAC_StructInit), (12 bytes).
    Removing stm32f10x_dac.o(i.DAC_WaveGenerationCmd), (104 bytes).
    Removing stm32f10x_dbgmcu.o(i.DBGMCU_Config), (84 bytes).
    Removing stm32f10x_dbgmcu.o(i.DBGMCU_GetDEVID), (16 bytes).
    Removing stm32f10x_dbgmcu.o(i.DBGMCU_GetREVID), (12 bytes).
    Removing stm32f10x_dma.o(i.DMA_ClearFlag), (76 bytes).
    Removing stm32f10x_dma.o(i.DMA_ClearITPendingBit), (76 bytes).
    Removing stm32f10x_dma.o(i.DMA_Cmd), (172 bytes).
    Removing stm32f10x_dma.o(i.DMA_DeInit), (344 bytes).
    Removing stm32f10x_dma.o(i.DMA_GetCurrDataCounter), (140 bytes).
    Removing stm32f10x_dma.o(i.DMA_GetFlagStatus), (376 bytes).
    Removing stm32f10x_dma.o(i.DMA_GetITStatus), (376 bytes).
    Removing stm32f10x_dma.o(i.DMA_ITConfig), (188 bytes).
    Removing stm32f10x_dma.o(i.DMA_Init), (372 bytes).
    Removing stm32f10x_dma.o(i.DMA_SetCurrDataCounter), (140 bytes).
    Removing stm32f10x_dma.o(i.DMA_StructInit), (26 bytes).
    Removing stm32f10x_exti.o(i.EXTI_ClearFlag), (52 bytes).
    Removing stm32f10x_exti.o(i.EXTI_DeInit), (36 bytes).
    Removing stm32f10x_exti.o(i.EXTI_GenerateSWInterrupt), (56 bytes).
    Removing stm32f10x_exti.o(i.EXTI_GetFlagStatus), (160 bytes).
    Removing stm32f10x_exti.o(i.EXTI_GetITStatus), (172 bytes).
    Removing stm32f10x_exti.o(i.EXTI_Init), (208 bytes).
    Removing stm32f10x_exti.o(i.EXTI_StructInit), (14 bytes).
    Removing stm32f10x_flash.o(i.FLASH_ClearFlag), (56 bytes).
    Removing stm32f10x_flash.o(i.FLASH_EnableWriteProtection), (212 bytes).
    Removing stm32f10x_flash.o(i.FLASH_EraseAllBank1Pages), (56 bytes).
    Removing stm32f10x_flash.o(i.FLASH_EraseAllPages), (56 bytes).
    Removing stm32f10x_flash.o(i.FLASH_EraseOptionBytes), (124 bytes).
    Removing stm32f10x_flash.o(i.FLASH_ErasePage), (108 bytes).
    Removing stm32f10x_flash.o(i.FLASH_GetBank1Status), (40 bytes).
    Removing stm32f10x_flash.o(i.FLASH_GetFlagStatus), (80 bytes).
    Removing stm32f10x_flash.o(i.FLASH_GetPrefetchBufferStatus), (20 bytes).
    Removing stm32f10x_flash.o(i.FLASH_GetReadOutProtectionStatus), (20 bytes).
    Removing stm32f10x_flash.o(i.FLASH_GetStatus), (40 bytes).
    Removing stm32f10x_flash.o(i.FLASH_GetUserOptionByte), (12 bytes).
    Removing stm32f10x_flash.o(i.FLASH_GetWriteProtectionOptionByte), (12 bytes).
    Removing stm32f10x_flash.o(i.FLASH_HalfCycleAccessCmd), (68 bytes).
    Removing stm32f10x_flash.o(i.FLASH_ITConfig), (84 bytes).
    Removing stm32f10x_flash.o(i.FLASH_Lock), (16 bytes).
    Removing stm32f10x_flash.o(i.FLASH_LockBank1), (16 bytes).
    Removing stm32f10x_flash.o(i.FLASH_PrefetchBufferCmd), (68 bytes).
    Removing stm32f10x_flash.o(i.FLASH_ProgramHalfWord), (104 bytes).
    Removing stm32f10x_flash.o(i.FLASH_ProgramOptionByteData), (128 bytes).
    Removing stm32f10x_flash.o(i.FLASH_ProgramWord), (128 bytes).
    Removing stm32f10x_flash.o(i.FLASH_ReadOutProtection), (176 bytes).
    Removing stm32f10x_flash.o(i.FLASH_SetLatency), (68 bytes).
    Removing stm32f10x_flash.o(i.FLASH_Unlock), (24 bytes).
    Removing stm32f10x_flash.o(i.FLASH_UnlockBank1), (24 bytes).
    Removing stm32f10x_flash.o(i.FLASH_UserOptionByteConfig), (168 bytes).
    Removing stm32f10x_flash.o(i.FLASH_WaitForLastBank1Operation), (34 bytes).
    Removing stm32f10x_flash.o(i.FLASH_WaitForLastOperation), (34 bytes).
    Removing stm32f10x_fsmc.o(i.FSMC_ClearFlag), (112 bytes).
    Removing stm32f10x_fsmc.o(i.FSMC_ClearITPendingBit), (116 bytes).
    Removing stm32f10x_fsmc.o(i.FSMC_GetECC), (18 bytes).
    Removing stm32f10x_fsmc.o(i.FSMC_GetFlagStatus), (128 bytes).
    Removing stm32f10x_fsmc.o(i.FSMC_GetITStatus), (128 bytes).
    Removing stm32f10x_fsmc.o(i.FSMC_ITConfig), (168 bytes).
    Removing stm32f10x_fsmc.o(i.FSMC_NANDCmd), (124 bytes).
    Removing stm32f10x_fsmc.o(i.FSMC_NANDDeInit), (84 bytes).
    Removing stm32f10x_fsmc.o(i.FSMC_NANDECCCmd), (124 bytes).
    Removing stm32f10x_fsmc.o(i.FSMC_NANDInit), (428 bytes).
    Removing stm32f10x_fsmc.o(i.FSMC_NANDStructInit), (54 bytes).
    Removing stm32f10x_fsmc.o(i.FSMC_NORSRAMCmd), (100 bytes).
    Removing stm32f10x_fsmc.o(i.FSMC_NORSRAMDeInit), (84 bytes).
    Removing stm32f10x_fsmc.o(i.FSMC_NORSRAMInit), (700 bytes).
    Removing stm32f10x_fsmc.o(i.FSMC_NORSRAMStructInit), (98 bytes).
    Removing stm32f10x_fsmc.o(i.FSMC_PCCARDCmd), (72 bytes).
    Removing stm32f10x_fsmc.o(i.FSMC_PCCARDDeInit), (26 bytes).
    Removing stm32f10x_fsmc.o(i.FSMC_PCCARDInit), (396 bytes).
    Removing stm32f10x_fsmc.o(i.FSMC_PCCARDStructInit), (60 bytes).
    Removing stm32f10x_gpio.o(i.GPIO_AFIODeInit), (22 bytes).
    Removing stm32f10x_gpio.o(i.GPIO_DeInit), (256 bytes).
    Removing stm32f10x_gpio.o(i.GPIO_ETH_MediaInterfaceConfig), (56 bytes).
    Removing stm32f10x_gpio.o(i.GPIO_EXTILineConfig), (176 bytes).
    Removing stm32f10x_gpio.o(i.GPIO_EventOutputCmd), (56 bytes).
    Removing stm32f10x_gpio.o(i.GPIO_EventOutputConfig), (156 bytes).
    Removing stm32f10x_gpio.o(i.GPIO_PinLockConfig), (140 bytes).
    Removing stm32f10x_gpio.o(i.GPIO_PinRemapConfig), (476 bytes).
    Removing stm32f10x_gpio.o(i.GPIO_ReadInputData), (116 bytes).
    Removing stm32f10x_gpio.o(i.GPIO_ReadOutputData), (116 bytes).
    Removing stm32f10x_gpio.o(i.GPIO_ReadOutputDataBit), (216 bytes).
    Removing stm32f10x_gpio.o(i.GPIO_ResetBits), (128 bytes).
    Removing stm32f10x_gpio.o(i.GPIO_SetBits), (128 bytes).
    Removing stm32f10x_gpio.o(i.GPIO_StructInit), (16 bytes).
    Removing stm32f10x_gpio.o(i.GPIO_Write), (116 bytes).
    Removing stm32f10x_gpio.o(i.GPIO_WriteBit), (228 bytes).
    Removing stm32f10x_i2c.o(i.I2C_ARPCmd), (92 bytes).
    Removing stm32f10x_i2c.o(i.I2C_AcknowledgeConfig), (92 bytes).
    Removing stm32f10x_i2c.o(i.I2C_CalculatePEC), (92 bytes).
    Removing stm32f10x_i2c.o(i.I2C_CheckEvent), (224 bytes).
    Removing stm32f10x_i2c.o(i.I2C_ClearFlag), (84 bytes).
    Removing stm32f10x_i2c.o(i.I2C_ClearITPendingBit), (84 bytes).
    Removing stm32f10x_i2c.o(i.I2C_Cmd), (92 bytes).
    Removing stm32f10x_i2c.o(i.I2C_DMACmd), (92 bytes).
    Removing stm32f10x_i2c.o(i.I2C_DMALastTransferCmd), (92 bytes).
    Removing stm32f10x_i2c.o(i.I2C_DeInit), (88 bytes).
    Removing stm32f10x_i2c.o(i.I2C_DualAddressCmd), (92 bytes).
    Removing stm32f10x_i2c.o(i.I2C_FastModeDutyCycleConfig), (100 bytes).
    Removing stm32f10x_i2c.o(i.I2C_GeneralCallCmd), (92 bytes).
    Removing stm32f10x_i2c.o(i.I2C_GenerateSTART), (92 bytes).
    Removing stm32f10x_i2c.o(i.I2C_GenerateSTOP), (92 bytes).
    Removing stm32f10x_i2c.o(i.I2C_GetFlagStatus), (256 bytes).
    Removing stm32f10x_i2c.o(i.I2C_GetITStatus), (204 bytes).
    Removing stm32f10x_i2c.o(i.I2C_GetLastEvent), (68 bytes).
    Removing stm32f10x_i2c.o(i.I2C_GetPEC), (60 bytes).
    Removing stm32f10x_i2c.o(i.I2C_ITConfig), (108 bytes).
    Removing stm32f10x_i2c.o(i.I2C_Init), (356 bytes).
    Removing stm32f10x_i2c.o(i.I2C_NACKPositionConfig), (100 bytes).
    Removing stm32f10x_i2c.o(i.I2C_OwnAddress2Config), (72 bytes).
    Removing stm32f10x_i2c.o(i.I2C_PECPositionConfig), (100 bytes).
    Removing stm32f10x_i2c.o(i.I2C_ReadRegister), (112 bytes).
    Removing stm32f10x_i2c.o(i.I2C_ReceiveData), (60 bytes).
    Removing stm32f10x_i2c.o(i.I2C_SMBusAlertConfig), (100 bytes).
    Removing stm32f10x_i2c.o(i.I2C_Send7bitAddress), (88 bytes).
    Removing stm32f10x_i2c.o(i.I2C_SendData), (60 bytes).
    Removing stm32f10x_i2c.o(i.I2C_SoftwareResetCmd), (92 bytes).
    Removing stm32f10x_i2c.o(i.I2C_StretchClockCmd), (92 bytes).
    Removing stm32f10x_i2c.o(i.I2C_StructInit), (28 bytes).
    Removing stm32f10x_i2c.o(i.I2C_TransmitPEC), (92 bytes).
    Removing stm32f10x_iwdg.o(i.IWDG_Enable), (16 bytes).
    Removing stm32f10x_iwdg.o(i.IWDG_GetFlagStatus), (64 bytes).
    Removing stm32f10x_iwdg.o(i.IWDG_ReloadCounter), (16 bytes).
    Removing stm32f10x_iwdg.o(i.IWDG_SetPrescaler), (72 bytes).
    Removing stm32f10x_iwdg.o(i.IWDG_SetReload), (52 bytes).
    Removing stm32f10x_iwdg.o(i.IWDG_WriteAccessCmd), (56 bytes).
    Removing stm32f10x_pwr.o(i.PWR_BackupAccessCmd), (48 bytes).
    Removing stm32f10x_pwr.o(i.PWR_ClearFlag), (60 bytes).
    Removing stm32f10x_pwr.o(i.PWR_DeInit), (24 bytes).
    Removing stm32f10x_pwr.o(i.PWR_EnterSTANDBYMode), (40 bytes).
    Removing stm32f10x_pwr.o(i.PWR_EnterSTOPMode), (108 bytes).
    Removing stm32f10x_pwr.o(i.PWR_GetFlagStatus), (68 bytes).
    Removing stm32f10x_pwr.o(i.PWR_PVDCmd), (48 bytes).
    Removing stm32f10x_pwr.o(i.PWR_PVDLevelConfig), (80 bytes).
    Removing stm32f10x_pwr.o(i.PWR_WakeUpPinCmd), (52 bytes).
    Removing stm32f10x_rcc.o(i.RCC_ADCCLKConfig), (72 bytes).
    Removing stm32f10x_rcc.o(i.RCC_AHBPeriphClockCmd), (84 bytes).
    Removing stm32f10x_rcc.o(i.RCC_APB1PeriphResetCmd), (84 bytes).
    Removing stm32f10x_rcc.o(i.RCC_APB2PeriphResetCmd), (84 bytes).
    Removing stm32f10x_rcc.o(i.RCC_AdjustHSICalibrationValue), (60 bytes).
    Removing stm32f10x_rcc.o(i.RCC_BackupResetCmd), (52 bytes).
    Removing stm32f10x_rcc.o(i.RCC_ClearFlag), (16 bytes).
    Removing stm32f10x_rcc.o(i.RCC_ClearITPendingBit), (52 bytes).
    Removing stm32f10x_rcc.o(i.RCC_ClockSecuritySystemCmd), (52 bytes).
    Removing stm32f10x_rcc.o(i.RCC_DeInit), (64 bytes).
    Removing stm32f10x_rcc.o(i.RCC_GetFlagStatus), (124 bytes).
    Removing stm32f10x_rcc.o(i.RCC_GetITStatus), (80 bytes).
    Removing stm32f10x_rcc.o(i.RCC_GetSYSCLKSource), (16 bytes).
    Removing stm32f10x_rcc.o(i.RCC_HCLKConfig), (88 bytes).
    Removing stm32f10x_rcc.o(i.RCC_HSEConfig), (100 bytes).
    Removing stm32f10x_rcc.o(i.RCC_HSICmd), (52 bytes).
    Removing stm32f10x_rcc.o(i.RCC_ITConfig), (80 bytes).
    Removing stm32f10x_rcc.o(i.RCC_LSEConfig), (80 bytes).
    Removing stm32f10x_rcc.o(i.RCC_LSICmd), (52 bytes).
    Removing stm32f10x_rcc.o(i.RCC_MCOConfig), (64 bytes).
    Removing stm32f10x_rcc.o(i.RCC_PCLK1Config), (80 bytes).
    Removing stm32f10x_rcc.o(i.RCC_PCLK2Config), (80 bytes).
    Removing stm32f10x_rcc.o(i.RCC_PLLCmd), (52 bytes).
    Removing stm32f10x_rcc.o(i.RCC_PLLConfig), (168 bytes).
    Removing stm32f10x_rcc.o(i.RCC_RTCCLKCmd), (52 bytes).
    Removing stm32f10x_rcc.o(i.RCC_RTCCLKConfig), (68 bytes).
    Removing stm32f10x_rcc.o(i.RCC_SYSCLKConfig), (64 bytes).
    Removing stm32f10x_rcc.o(i.RCC_USBCLKConfig), (52 bytes).
    Removing stm32f10x_rcc.o(i.RCC_WaitForHSEStartUp), (44 bytes).
    Removing stm32f10x_rtc.o(i.RTC_ClearFlag), (56 bytes).
    Removing stm32f10x_rtc.o(i.RTC_ClearITPendingBit), (56 bytes).
    Removing stm32f10x_rtc.o(i.RTC_EnterConfigMode), (16 bytes).
    Removing stm32f10x_rtc.o(i.RTC_ExitConfigMode), (16 bytes).
    Removing stm32f10x_rtc.o(i.RTC_GetCounter), (20 bytes).
    Removing stm32f10x_rtc.o(i.RTC_GetDivider), (24 bytes).
    Removing stm32f10x_rtc.o(i.RTC_GetFlagStatus), (72 bytes).
    Removing stm32f10x_rtc.o(i.RTC_GetITStatus), (80 bytes).
    Removing stm32f10x_rtc.o(i.RTC_ITConfig), (76 bytes).
    Removing stm32f10x_rtc.o(i.RTC_SetAlarm), (32 bytes).
    Removing stm32f10x_rtc.o(i.RTC_SetCounter), (32 bytes).
    Removing stm32f10x_rtc.o(i.RTC_SetPrescaler), (68 bytes).
    Removing stm32f10x_rtc.o(i.RTC_WaitForLastTask), (16 bytes).
    Removing stm32f10x_rtc.o(i.RTC_WaitForSynchro), (24 bytes).
    Removing stm32f10x_sdio.o(i.SDIO_CEATAITCmd), (60 bytes).
    Removing stm32f10x_sdio.o(i.SDIO_ClearFlag), (60 bytes).
    Removing stm32f10x_sdio.o(i.SDIO_ClearITPendingBit), (60 bytes).
    Removing stm32f10x_sdio.o(i.SDIO_ClockCmd), (56 bytes).
    Removing stm32f10x_sdio.o(i.SDIO_CmdStructInit), (14 bytes).
    Removing stm32f10x_sdio.o(i.SDIO_CommandCompletionCmd), (56 bytes).
    Removing stm32f10x_sdio.o(i.SDIO_DMACmd), (56 bytes).
    Removing stm32f10x_sdio.o(i.SDIO_DataConfig), (212 bytes).
    Removing stm32f10x_sdio.o(i.SDIO_DataStructInit), (20 bytes).
    Removing stm32f10x_sdio.o(i.SDIO_DeInit), (36 bytes).
    Removing stm32f10x_sdio.o(i.SDIO_GetCommandResponse), (12 bytes).
    Removing stm32f10x_sdio.o(i.SDIO_GetDataCounter), (12 bytes).
    Removing stm32f10x_sdio.o(i.SDIO_GetFIFOCount), (12 bytes).
    Removing stm32f10x_sdio.o(i.SDIO_GetFlagStatus), (188 bytes).
    Removing stm32f10x_sdio.o(i.SDIO_GetITStatus), (188 bytes).
    Removing stm32f10x_sdio.o(i.SDIO_GetPowerState), (16 bytes).
    Removing stm32f10x_sdio.o(i.SDIO_GetResponse), (72 bytes).
    Removing stm32f10x_sdio.o(i.SDIO_ITConfig), (84 bytes).
    Removing stm32f10x_sdio.o(i.SDIO_Init), (168 bytes).
    Removing stm32f10x_sdio.o(i.SDIO_ReadData), (12 bytes).
    Removing stm32f10x_sdio.o(i.SDIO_SendCEATACmd), (56 bytes).
    Removing stm32f10x_sdio.o(i.SDIO_SendCommand), (148 bytes).
    Removing stm32f10x_sdio.o(i.SDIO_SendSDIOSuspendCmd), (56 bytes).
    Removing stm32f10x_sdio.o(i.SDIO_SetPowerState), (64 bytes).
    Removing stm32f10x_sdio.o(i.SDIO_SetSDIOOperation), (56 bytes).
    Removing stm32f10x_sdio.o(i.SDIO_SetSDIOReadWaitMode), (56 bytes).
    Removing stm32f10x_sdio.o(i.SDIO_StartSDIOReadWait), (56 bytes).
    Removing stm32f10x_sdio.o(i.SDIO_StopSDIOReadWait), (56 bytes).
    Removing stm32f10x_sdio.o(i.SDIO_StructInit), (16 bytes).
    Removing stm32f10x_sdio.o(i.SDIO_WriteData), (12 bytes).
    Removing stm32f10x_spi.o(i.I2S_Cmd), (92 bytes).
    Removing stm32f10x_spi.o(i.I2S_Init), (360 bytes).
    Removing stm32f10x_spi.o(i.I2S_StructInit), (18 bytes).
    Removing stm32f10x_spi.o(i.SPI_BiDirectionalLineConfig), (116 bytes).
    Removing stm32f10x_spi.o(i.SPI_CalculateCRC), (100 bytes).
    Removing stm32f10x_spi.o(i.SPI_Cmd), (100 bytes).
    Removing stm32f10x_spi.o(i.SPI_DataSizeConfig), (100 bytes).
    Removing stm32f10x_spi.o(i.SPI_GetCRC), (92 bytes).
    Removing stm32f10x_spi.o(i.SPI_GetCRCPolynomial), (68 bytes).
    Removing stm32f10x_spi.o(i.SPI_I2S_ClearFlag), (88 bytes).
    Removing stm32f10x_spi.o(i.SPI_I2S_ClearITPendingBit), (96 bytes).
    Removing stm32f10x_spi.o(i.SPI_I2S_DMACmd), (116 bytes).
    Removing stm32f10x_spi.o(i.SPI_I2S_DeInit), (132 bytes).
    Removing stm32f10x_spi.o(i.SPI_I2S_GetFlagStatus), (124 bytes).
    Removing stm32f10x_spi.o(i.SPI_I2S_GetITStatus), (140 bytes).
    Removing stm32f10x_spi.o(i.SPI_I2S_ITConfig), (128 bytes).
    Removing stm32f10x_spi.o(i.SPI_I2S_ReceiveData), (68 bytes).
    Removing stm32f10x_spi.o(i.SPI_I2S_SendData), (72 bytes).
    Removing stm32f10x_spi.o(i.SPI_Init), (304 bytes).
    Removing stm32f10x_spi.o(i.SPI_NSSInternalSoftwareConfig), (112 bytes).
    Removing stm32f10x_spi.o(i.SPI_SSOutputCmd), (100 bytes).
    Removing stm32f10x_spi.o(i.SPI_StructInit), (24 bytes).
    Removing stm32f10x_spi.o(i.SPI_TransmitCRC), (76 bytes).
    Removing stm32f10x_tim.o(i.TI1_Config), (108 bytes).
    Removing stm32f10x_tim.o(i.TI2_Config), (124 bytes).
    Removing stm32f10x_tim.o(i.TIM_BDTRConfig), (252 bytes).
    Removing stm32f10x_tim.o(i.TIM_BDTRStructInit), (18 bytes).
    Removing stm32f10x_tim.o(i.TIM_CCPreloadControl), (136 bytes).
    Removing stm32f10x_tim.o(i.TIM_CCxCmd), (244 bytes).
    Removing stm32f10x_tim.o(i.TIM_CCxNCmd), (144 bytes).
    Removing stm32f10x_tim.o(i.TIM_ClearFlag), (228 bytes).
    Removing stm32f10x_tim.o(i.TIM_ClearOC1Ref), (120 bytes).
    Removing stm32f10x_tim.o(i.TIM_ClearOC2Ref), (128 bytes).
    Removing stm32f10x_tim.o(i.TIM_ClearOC3Ref), (120 bytes).
    Removing stm32f10x_tim.o(i.TIM_ClearOC4Ref), (128 bytes).
    Removing stm32f10x_tim.o(i.TIM_CounterModeConfig), (132 bytes).
    Removing stm32f10x_tim.o(i.TIM_DMACmd), (192 bytes).
    Removing stm32f10x_tim.o(i.TIM_DMAConfig), (332 bytes).
    Removing stm32f10x_tim.o(i.TIM_DeInit), (500 bytes).
    Removing stm32f10x_tim.o(i.TIM_ETRClockMode1Config), (184 bytes).
    Removing stm32f10x_tim.o(i.TIM_ETRClockMode2Config), (184 bytes).
    Removing stm32f10x_tim.o(i.TIM_ETRConfig), (184 bytes).
    Removing stm32f10x_tim.o(i.TIM_EncoderInterfaceConfig), (212 bytes).
    Removing stm32f10x_tim.o(i.TIM_ForcedOC1Config), (212 bytes).
    Removing stm32f10x_tim.o(i.TIM_ForcedOC2Config), (160 bytes).
    Removing stm32f10x_tim.o(i.TIM_ForcedOC3Config), (124 bytes).
    Removing stm32f10x_tim.o(i.TIM_ForcedOC4Config), (132 bytes).
    Removing stm32f10x_tim.o(i.TIM_GenerateEvent), (224 bytes).
    Removing stm32f10x_tim.o(i.TIM_GetCapture1), (184 bytes).
    Removing stm32f10x_tim.o(i.TIM_GetCapture2), (124 bytes).
    Removing stm32f10x_tim.o(i.TIM_GetCapture3), (96 bytes).
    Removing stm32f10x_tim.o(i.TIM_GetCapture4), (96 bytes).
    Removing stm32f10x_tim.o(i.TIM_GetCounter), (204 bytes).
    Removing stm32f10x_tim.o(i.TIM_GetFlagStatus), (284 bytes).
    Removing stm32f10x_tim.o(i.TIM_GetITStatus), (268 bytes).
    Removing stm32f10x_tim.o(i.TIM_GetPrescaler), (204 bytes).
    Removing stm32f10x_tim.o(i.TIM_ICInit), (756 bytes).
    Removing stm32f10x_tim.o(i.TIM_ICStructInit), (16 bytes).
    Removing stm32f10x_tim.o(i.TIM_ITConfig), (252 bytes).
    Removing stm32f10x_tim.o(i.TIM_ITRxExternalClockConfig), (164 bytes).
    Removing stm32f10x_tim.o(i.TIM_InternalClockConfig), (132 bytes).
    Removing stm32f10x_tim.o(i.TIM_OC1FastConfig), (212 bytes).
    Removing stm32f10x_tim.o(i.TIM_OC1NPolarityConfig), (116 bytes).
    Removing stm32f10x_tim.o(i.TIM_OC1PolarityConfig), (212 bytes).
    Removing stm32f10x_tim.o(i.TIM_OC2FastConfig), (160 bytes).
    Removing stm32f10x_tim.o(i.TIM_OC2NPolarityConfig), (92 bytes).
    Removing stm32f10x_tim.o(i.TIM_OC2PolarityConfig), (160 bytes).
    Removing stm32f10x_tim.o(i.TIM_OC3FastConfig), (120 bytes).
    Removing stm32f10x_tim.o(i.TIM_OC3NPolarityConfig), (92 bytes).
    Removing stm32f10x_tim.o(i.TIM_OC3PolarityConfig), (128 bytes).
    Removing stm32f10x_tim.o(i.TIM_OC4FastConfig), (128 bytes).
    Removing stm32f10x_tim.o(i.TIM_OC4PolarityConfig), (128 bytes).
    Removing stm32f10x_tim.o(i.TIM_OCStructInit), (20 bytes).
    Removing stm32f10x_tim.o(i.TIM_PWMIConfig), (224 bytes).
    Removing stm32f10x_tim.o(i.TIM_PrescalerConfig), (228 bytes).
    Removing stm32f10x_tim.o(i.TIM_SelectCCDMA), (156 bytes).
    Removing stm32f10x_tim.o(i.TIM_SelectCOM), (120 bytes).
    Removing stm32f10x_tim.o(i.TIM_SelectHallSensor), (156 bytes).
    Removing stm32f10x_tim.o(i.TIM_SelectInputTrigger), (176 bytes).
    Removing stm32f10x_tim.o(i.TIM_SelectMasterSlaveMode), (156 bytes).
    Removing stm32f10x_tim.o(i.TIM_SelectOCxM), (320 bytes).
    Removing stm32f10x_tim.o(i.TIM_SelectOnePulseMode), (236 bytes).
    Removing stm32f10x_tim.o(i.TIM_SelectOutputTrigger), (200 bytes).
    Removing stm32f10x_tim.o(i.TIM_SelectSlaveMode), (164 bytes).
    Removing stm32f10x_tim.o(i.TIM_SetAutoreload), (208 bytes).
    Removing stm32f10x_tim.o(i.TIM_SetClockDivision), (224 bytes).
    Removing stm32f10x_tim.o(i.TIM_SetCounter), (208 bytes).
    Removing stm32f10x_tim.o(i.TIM_SetIC1Prescaler), (224 bytes).
    Removing stm32f10x_tim.o(i.TIM_SetIC2Prescaler), (172 bytes).
    Removing stm32f10x_tim.o(i.TIM_SetIC3Prescaler), (132 bytes).
    Removing stm32f10x_tim.o(i.TIM_SetIC4Prescaler), (140 bytes).
    Removing stm32f10x_tim.o(i.TIM_TIxExternalClockConfig), (224 bytes).
    Removing stm32f10x_tim.o(i.TIM_TimeBaseStructInit), (18 bytes).
    Removing stm32f10x_tim.o(i.TIM_UpdateDisableConfig), (236 bytes).
    Removing stm32f10x_tim.o(i.TIM_UpdateRequestConfig), (236 bytes).
    Removing stm32f10x_usart.o(i.USART_ClockInit), (180 bytes).
    Removing stm32f10x_usart.o(i.USART_ClockStructInit), (12 bytes).
    Removing stm32f10x_usart.o(i.USART_DMACmd), (140 bytes).
    Removing stm32f10x_usart.o(i.USART_DeInit), (180 bytes).
    Removing stm32f10x_usart.o(i.USART_HalfDuplexCmd), (124 bytes).
    Removing stm32f10x_usart.o(i.USART_IrDACmd), (124 bytes).
    Removing stm32f10x_usart.o(i.USART_IrDAConfig), (124 bytes).
    Removing stm32f10x_usart.o(i.USART_LINBreakDetectLengthConfig), (124 bytes).
    Removing stm32f10x_usart.o(i.USART_LINCmd), (124 bytes).
    Removing stm32f10x_usart.o(i.USART_OneBitMethodCmd), (124 bytes).
    Removing stm32f10x_usart.o(i.USART_OverSampling8Cmd), (124 bytes).
    Removing stm32f10x_usart.o(i.USART_ReceiverWakeUpCmd), (124 bytes).
    Removing stm32f10x_usart.o(i.USART_SendBreak), (100 bytes).
    Removing stm32f10x_usart.o(i.USART_SetAddress), (120 bytes).
    Removing stm32f10x_usart.o(i.USART_SetGuardTime), (88 bytes).
    Removing stm32f10x_usart.o(i.USART_SetPrescaler), (108 bytes).
    Removing stm32f10x_usart.o(i.USART_SmartCardCmd), (104 bytes).
    Removing stm32f10x_usart.o(i.USART_SmartCardNACKCmd), (104 bytes).
    Removing stm32f10x_usart.o(i.USART_StructInit), (22 bytes).
    Removing stm32f10x_usart.o(i.USART_WakeUpConfig), (124 bytes).
    Removing stm32f10x_wwdg.o(i.WWDG_ClearFlag), (12 bytes).
    Removing stm32f10x_wwdg.o(i.WWDG_DeInit), (24 bytes).
    Removing stm32f10x_wwdg.o(i.WWDG_Enable), (56 bytes).
    Removing stm32f10x_wwdg.o(i.WWDG_EnableIT), (16 bytes).
    Removing stm32f10x_wwdg.o(i.WWDG_GetFlagStatus), (12 bytes).
    Removing stm32f10x_wwdg.o(i.WWDG_SetCounter), (56 bytes).
    Removing stm32f10x_wwdg.o(i.WWDG_SetPrescaler), (72 bytes).
    Removing stm32f10x_wwdg.o(i.WWDG_SetWindowValue), (72 bytes).
    Removing startup_stm32f10x_md.o(HEAP), (512 bytes).
    Removing main.o(.data), (1 bytes).
    Removing system_stm32f10x.o(i.SystemCoreClockUpdate), (104 bytes).
    Removing system_stm32f10x.o(.data), (20 bytes).
    Removing distance.o(i.DIS_INT), (260 bytes).
    Removing distance.o(i.FUN), (2 bytes).
    Removing rfid.o(i.GET_UID), (112 bytes).
    Removing rfid.o(i.RFID_Disableantenna), (92 bytes).
    Removing rfid.o(i.RFID_Init), (92 bytes).
    Removing rfid.o(i.RFID_READ), (144 bytes).
    Removing rfid.o(.data), (50 bytes).
    Removing sys.o(i.NVIC_Configuration), (8 bytes).
    Removing usart.o(i._sys_exit), (2 bytes).
    Removing usart.o(i.uart_init), (164 bytes).
    Removing usart.o(i.uart_receive_mydata), (40 bytes).
    Removing usart.o(i.uart_send_mydata), (48 bytes).
    Removing dadd.o(.text), (334 bytes).
    Removing dmul.o(.text), (228 bytes).
    Removing ddiv.o(.text), (222 bytes).
    Removing dfixul.o(.text), (48 bytes).
    Removing cdrcmple.o(.text), (48 bytes).
    Removing depilogue.o(.text), (186 bytes).

458 unused section(s) (total 51365 bytes) removed from the image.

==============================================================================

Image Symbol Table

    Local Symbols

    Symbol Name                              Value     Ov Type        Size  Object(Section)

    ../clib/microlib/division.c              0x00000000   Number         0  uidiv.o ABSOLUTE
    ../clib/microlib/division.c              0x00000000   Number         0  uldiv.o ABSOLUTE
    ../clib/microlib/init/entry.s            0x00000000   Number         0  entry7b.o ABSOLUTE
    ../clib/microlib/init/entry.s            0x00000000   Number         0  entry.o ABSOLUTE
    ../clib/microlib/init/entry.s            0x00000000   Number         0  entry9a.o ABSOLUTE
    ../clib/microlib/init/entry.s            0x00000000   Number         0  entry8a.o ABSOLUTE
    ../clib/microlib/init/entry.s            0x00000000   Number         0  entry9b.o ABSOLUTE
    ../clib/microlib/init/entry.s            0x00000000   Number         0  entry8b.o ABSOLUTE
    ../clib/microlib/init/entry.s            0x00000000   Number         0  entry7a.o ABSOLUTE
    ../clib/microlib/init/entry.s            0x00000000   Number         0  entry10b.o ABSOLUTE
    ../clib/microlib/init/entry.s            0x00000000   Number         0  entry5.o ABSOLUTE
    ../clib/microlib/init/entry.s            0x00000000   Number         0  entry2.o ABSOLUTE
    ../clib/microlib/init/entry.s            0x00000000   Number         0  entry11a.o ABSOLUTE
    ../clib/microlib/init/entry.s            0x00000000   Number         0  entry11b.o ABSOLUTE
    ../clib/microlib/init/entry.s            0x00000000   Number         0  entry10a.o ABSOLUTE
    ../clib/microlib/longlong.c              0x00000000   Number         0  llsshr.o ABSOLUTE
    ../clib/microlib/longlong.c              0x00000000   Number         0  llushr.o ABSOLUTE
    ../clib/microlib/longlong.c              0x00000000   Number         0  llshl.o ABSOLUTE
    ../clib/microlib/printf/printf.c         0x00000000   Number         0  printfa.o ABSOLUTE
    ../clib/microlib/printf/printf.c         0x00000000   Number         0  printf5.o ABSOLUTE
    ../clib/microlib/printf/printf.c         0x00000000   Number         0  printfb.o ABSOLUTE
    ../clib/microlib/printf/printf.c         0x00000000   Number         0  printf1.o ABSOLUTE
    ../clib/microlib/printf/printf.c         0x00000000   Number         0  printf7.o ABSOLUTE
    ../clib/microlib/printf/printf.c         0x00000000   Number         0  printf0.o ABSOLUTE
    ../clib/microlib/printf/printf.c         0x00000000   Number         0  printf2.o ABSOLUTE
    ../clib/microlib/printf/printf.c         0x00000000   Number         0  printf3.o ABSOLUTE
    ../clib/microlib/printf/printf.c         0x00000000   Number         0  printf4.o ABSOLUTE
    ../clib/microlib/printf/printf.c         0x00000000   Number         0  printf6.o ABSOLUTE
    ../clib/microlib/printf/printf.c         0x00000000   Number         0  printf8.o ABSOLUTE
    ../clib/microlib/printf/stubs.s          0x00000000   Number         0  stubs.o ABSOLUTE
    ../clib/microlib/string/memset.c         0x00000000   Number         0  memseta.o ABSOLUTE
    ../clib/microlib/stubs.s                 0x00000000   Number         0  useno.o ABSOLUTE
    ../clib/microlib/stubs.s                 0x00000000   Number         0  iusefp.o ABSOLUTE
    ../fplib/microlib/fpadd.c                0x00000000   Number         0  dadd.o ABSOLUTE
    ../fplib/microlib/fpdiv.c                0x00000000   Number         0  ddiv.o ABSOLUTE
    ../fplib/microlib/fpepilogue.c           0x00000000   Number         0  depilogue.o ABSOLUTE
    ../fplib/microlib/fpfix.c                0x00000000   Number         0  dfixul.o ABSOLUTE
    ../fplib/microlib/fpmul.c                0x00000000   Number         0  dmul.o ABSOLUTE
    MDK-ARM\startup_stm32f10x_md.s           0x00000000   Number         0  startup_stm32f10x_md.o ABSOLUTE
    cdrcmple.s                               0x00000000   Number         0  cdrcmple.o ABSOLUTE
    color.c                                  0x00000000   Number         0  color.o ABSOLUTE
    dc.s                                     0x00000000   Number         0  dc.o ABSOLUTE
    handlers.s                               0x00000000   Number         0  handlers.o ABSOLUTE
    init.s                                   0x00000000   Number         0  init.o ABSOLUTE
    main\Distance.c                          0x00000000   Number         0  distance.o ABSOLUTE
    main\SteeringEngine.c                    0x00000000   Number         0  steeringengine.o ABSOLUTE
    main\delay.c                             0x00000000   Number         0  delay.o ABSOLUTE
    main\main.c                              0x00000000   Number         0  main.o ABSOLUTE
    main\rfid.c                              0x00000000   Number         0  rfid.o ABSOLUTE
    main\stm32f10x_it.c                      0x00000000   Number         0  stm32f10x_it.o ABSOLUTE
    main\sys.c                               0x00000000   Number         0  sys.o ABSOLUTE
    main\system_stm32f10x.c                  0x00000000   Number         0  system_stm32f10x.o ABSOLUTE
    main\usart.c                             0x00000000   Number         0  usart.o ABSOLUTE
    src\misc.c                               0x00000000   Number         0  misc.o ABSOLUTE
    src\stm32f10x_adc.c                      0x00000000   Number         0  stm32f10x_adc.o ABSOLUTE
    src\stm32f10x_bkp.c                      0x00000000   Number         0  stm32f10x_bkp.o ABSOLUTE
    src\stm32f10x_can.c                      0x00000000   Number         0  stm32f10x_can.o ABSOLUTE
    src\stm32f10x_cec.c                      0x00000000   Number         0  stm32f10x_cec.o ABSOLUTE
    src\stm32f10x_crc.c                      0x00000000   Number         0  stm32f10x_crc.o ABSOLUTE
    src\stm32f10x_dac.c                      0x00000000   Number         0  stm32f10x_dac.o ABSOLUTE
    src\stm32f10x_dbgmcu.c                   0x00000000   Number         0  stm32f10x_dbgmcu.o ABSOLUTE
    src\stm32f10x_dma.c                      0x00000000   Number         0  stm32f10x_dma.o ABSOLUTE
    src\stm32f10x_exti.c                     0x00000000   Number         0  stm32f10x_exti.o ABSOLUTE
    src\stm32f10x_flash.c                    0x00000000   Number         0  stm32f10x_flash.o ABSOLUTE
    src\stm32f10x_fsmc.c                     0x00000000   Number         0  stm32f10x_fsmc.o ABSOLUTE
    src\stm32f10x_gpio.c                     0x00000000   Number         0  stm32f10x_gpio.o ABSOLUTE
    src\stm32f10x_i2c.c                      0x00000000   Number         0  stm32f10x_i2c.o ABSOLUTE
    src\stm32f10x_iwdg.c                     0x00000000   Number         0  stm32f10x_iwdg.o ABSOLUTE
    src\stm32f10x_pwr.c                      0x00000000   Number         0  stm32f10x_pwr.o ABSOLUTE
    src\stm32f10x_rcc.c                      0x00000000   Number         0  stm32f10x_rcc.o ABSOLUTE
    src\stm32f10x_rtc.c                      0x00000000   Number         0  stm32f10x_rtc.o ABSOLUTE
    src\stm32f10x_sdio.c                     0x00000000   Number         0  stm32f10x_sdio.o ABSOLUTE
    src\stm32f10x_spi.c                      0x00000000   Number         0  stm32f10x_spi.o ABSOLUTE
    src\stm32f10x_tim.c                      0x00000000   Number         0  stm32f10x_tim.o ABSOLUTE
    src\stm32f10x_usart.c                    0x00000000   Number         0  stm32f10x_usart.o ABSOLUTE
    src\stm32f10x_wwdg.c                     0x00000000   Number         0  stm32f10x_wwdg.o ABSOLUTE
    RESET                                    0x08000000   Section      236  startup_stm32f10x_md.o(RESET)
    .ARM.Collect$$$$00000000                 0x080000ec   Section        0  entry.o(.ARM.Collect$$$$00000000)
    .ARM.Collect$$$$00000001                 0x080000ec   Section        4  entry2.o(.ARM.Collect$$$$00000001)
    .ARM.Collect$$$$00000004                 0x080000f0   Section        4  entry5.o(.ARM.Collect$$$$00000004)
    .ARM.Collect$$$$00000008                 0x080000f4   Section        0  entry7b.o(.ARM.Collect$$$$00000008)
    .ARM.Collect$$$$0000000A                 0x080000f4   Section        0  entry8b.o(.ARM.Collect$$$$0000000A)
    .ARM.Collect$$$$0000000B                 0x080000f4   Section        8  entry9a.o(.ARM.Collect$$$$0000000B)
    .ARM.Collect$$$$0000000D                 0x080000fc   Section        0  entry10a.o(.ARM.Collect$$$$0000000D)
    .ARM.Collect$$$$0000000F                 0x080000fc   Section        0  entry11a.o(.ARM.Collect$$$$0000000F)
    .ARM.Collect$$$$00002712                 0x080000fc   Section        4  entry2.o(.ARM.Collect$$$$00002712)
    __lit__00000000                          0x080000fc   Data           4  entry2.o(.ARM.Collect$$$$00002712)
    .text                                    0x08000100   Section       36  startup_stm32f10x_md.o(.text)
    .text                                    0x08000124   Section        0  uidiv.o(.text)
    .text                                    0x08000150   Section       36  init.o(.text)
    i.BusFault_Handler                       0x08000174   Section        0  stm32f10x_it.o(i.BusFault_Handler)
    i.DebugMon_Handler                       0x08000176   Section        0  stm32f10x_it.o(i.DebugMon_Handler)
    i.EXTI1_IRQHandler                       0x08000178   Section        0  distance.o(i.EXTI1_IRQHandler)
    i.EXTI_ClearITPendingBit                 0x080001a4   Section        0  stm32f10x_exti.o(i.EXTI_ClearITPendingBit)
    i.GPIO_Configuration                     0x080001d8   Section        0  main.o(i.GPIO_Configuration)
    i.GPIO_Init                              0x08000250   Section        0  stm32f10x_gpio.o(i.GPIO_Init)
    i.GPIO_ReadInputDataBit                  0x080003a4   Section        0  stm32f10x_gpio.o(i.GPIO_ReadInputDataBit)
    i.HardFault_Handler                      0x0800047c   Section        0  stm32f10x_it.o(i.HardFault_Handler)
    i.MemManage_Handler                      0x0800047e   Section        0  stm32f10x_it.o(i.MemManage_Handler)
    i.NMI_Handler                            0x08000480   Section        0  stm32f10x_it.o(i.NMI_Handler)
    i.NVIC_Init                              0x08000484   Section        0  misc.o(i.NVIC_Init)
    i.NVIC_PriorityGroupConfig               0x08000524   Section        0  misc.o(i.NVIC_PriorityGroupConfig)
    i.PendSV_Handler                         0x0800056c   Section        0  stm32f10x_it.o(i.PendSV_Handler)
    i.RCC_APB1PeriphClockCmd                 0x08000570   Section        0  stm32f10x_rcc.o(i.RCC_APB1PeriphClockCmd)
    i.RCC_APB2PeriphClockCmd                 0x080005c4   Section        0  stm32f10x_rcc.o(i.RCC_APB2PeriphClockCmd)
    i.RCC_Configuration                      0x08000618   Section        0  main.o(i.RCC_Configuration)
    i.RCC_GetClocksFreq                      0x08000638   Section        0  stm32f10x_rcc.o(i.RCC_GetClocksFreq)
    i.STOP                                   0x080006cc   Section        0  main.o(i.STOP)
    i.SVC_Handler                            0x080006e6   Section        0  stm32f10x_it.o(i.SVC_Handler)
    i.SetSysClockTo72                        0x080006e8   Section        0  system_stm32f10x.o(i.SetSysClockTo72)
    SetSysClockTo72                          0x080006e9   Thumb Code   160  system_stm32f10x.o(i.SetSysClockTo72)
    i.SysTick_Handler                        0x08000790   Section        0  stm32f10x_it.o(i.SysTick_Handler)
    i.SystemInit                             0x08000794   Section        0  system_stm32f10x.o(i.SystemInit)
    i.TIM2_IRQHandler                        0x080007e4   Section        0  distance.o(i.TIM2_IRQHandler)
    i.TIM_ARRPreloadConfig                   0x08000804   Section        0  stm32f10x_tim.o(i.TIM_ARRPreloadConfig)
    i.TIM_ClearITPendingBit                  0x080008f0   Section        0  stm32f10x_tim.o(i.TIM_ClearITPendingBit)
    i.TIM_Cmd                                0x080009d0   Section        0  stm32f10x_tim.o(i.TIM_Cmd)
    i.TIM_CtrlPWMOutputs                     0x08000abc   Section        0  stm32f10x_tim.o(i.TIM_CtrlPWMOutputs)
    i.TIM_OC1Init                            0x08000b38   Section        0  stm32f10x_tim.o(i.TIM_OC1Init)
    i.TIM_OC1PreloadConfig                   0x08000cf0   Section        0  stm32f10x_tim.o(i.TIM_OC1PreloadConfig)
    i.TIM_OC2Init                            0x08000dc4   Section        0  stm32f10x_tim.o(i.TIM_OC2Init)
    i.TIM_OC2PreloadConfig                   0x08000f50   Section        0  stm32f10x_tim.o(i.TIM_OC2PreloadConfig)
    i.TIM_OC3Init                            0x08000ff0   Section        0  stm32f10x_tim.o(i.TIM_OC3Init)
    i.TIM_OC3PreloadConfig                   0x08001158   Section        0  stm32f10x_tim.o(i.TIM_OC3PreloadConfig)
    i.TIM_OC4Init                            0x080011d0   Section        0  stm32f10x_tim.o(i.TIM_OC4Init)
    i.TIM_OC4PreloadConfig                   0x080012e8   Section        0  stm32f10x_tim.o(i.TIM_OC4PreloadConfig)
    i.TIM_PWM_Init                           0x08001368   Section        0  steeringengine.o(i.TIM_PWM_Init)
    i.TIM_SetCompare1                        0x080014ac   Section        0  stm32f10x_tim.o(i.TIM_SetCompare1)
    i.TIM_SetCompare2                        0x08001568   Section        0  stm32f10x_tim.o(i.TIM_SetCompare2)
    i.TIM_SetCompare3                        0x080015e8   Section        0  stm32f10x_tim.o(i.TIM_SetCompare3)
    i.TIM_SetCompare4                        0x08001648   Section        0  stm32f10x_tim.o(i.TIM_SetCompare4)
    i.TIM_TimeBaseInit                       0x080016ac   Section        0  stm32f10x_tim.o(i.TIM_TimeBaseInit)
    i.USART1_IRQHandler                      0x08001818   Section        0  usart.o(i.USART1_IRQHandler)
    i.USART3_Configuration                   0x08001880   Section        0  main.o(i.USART3_Configuration)
    i.USART3_IRQHandler                      0x080018d4   Section        0  main.o(i.USART3_IRQHandler)
    i.USART3_RCC_Configuration               0x080019e4   Section        0  main.o(i.USART3_RCC_Configuration)
    i.USART_ClearFlag                        0x080019ec   Section        0  stm32f10x_usart.o(i.USART_ClearFlag)
    i.USART_ClearITPendingBit                0x08001a80   Section        0  stm32f10x_usart.o(i.USART_ClearITPendingBit)
    i.USART_Cmd                              0x08001b34   Section        0  stm32f10x_usart.o(i.USART_Cmd)
    i.USART_GetFlagStatus                    0x08001bb0   Section        0  stm32f10x_usart.o(i.USART_GetFlagStatus)
    i.USART_GetITStatus                      0x08001c68   Section        0  stm32f10x_usart.o(i.USART_GetITStatus)
    i.USART_ITConfig                         0x08001d74   Section        0  stm32f10x_usart.o(i.USART_ITConfig)
    i.USART_Init                             0x08001e74   Section        0  stm32f10x_usart.o(i.USART_Init)
    i.USART_ReceiveData                      0x08002018   Section        0  stm32f10x_usart.o(i.USART_ReceiveData)
    i.USART_SendData                         0x08002078   Section        0  stm32f10x_usart.o(i.USART_SendData)
    i.UsageFault_Handler                     0x080020ec   Section        0  stm32f10x_it.o(i.UsageFault_Handler)
    i.__0printf$3                            0x080020f0   Section        0  printf3.o(i.__0printf$3)
    i.__scatterload_copy                     0x08002110   Section       14  handlers.o(i.__scatterload_copy)
    i.__scatterload_null                     0x0800211e   Section        2  handlers.o(i.__scatterload_null)
    i.__scatterload_zeroinit                 0x08002120   Section       14  handlers.o(i.__scatterload_zeroinit)
    i._printf_core                           0x08002130   Section        0  printf3.o(i._printf_core)
    _printf_core                             0x08002131   Thumb Code   436  printf3.o(i._printf_core)
    i.assert_failed                          0x080022e8   Section        0  main.o(i.assert_failed)
    i.choose1                                0x08002324   Section        0  main.o(i.choose1)
    i.choose2                                0x08002338   Section        0  main.o(i.choose2)
    i.delay_nms                              0x08002358   Section        0  delay.o(i.delay_nms)
    i.delay_nus                              0x0800236e   Section        0  delay.o(i.delay_nus)
    i.duoji_1                                0x0800237e   Section        0  main.o(i.duoji_1)
    i.duoji_2                                0x08002394   Section        0  main.o(i.duoji_2)
    i.duoji_3                                0x080023aa   Section        0  main.o(i.duoji_3)
    i.duoji_4                                0x080023c0   Section        0  main.o(i.duoji_4)
    i.duoji_5                                0x080023d6   Section        0  main.o(i.duoji_5)
    i.duoji_close                            0x080023ec   Section        0  main.o(i.duoji_close)
    i.duoji_open                             0x08002400   Section        0  main.o(i.duoji_open)
    i.fputc                                  0x08002408   Section        0  usart.o(i.fputc)
    i.main                                   0x0800242c   Section        0  main.o(i.main)
    i.nvic                                   0x080024c0   Section        0  main.o(i.nvic)
    i.pagan_init                             0x08002548   Section        0  main.o(i.pagan_init)
    i.setAngle                               0x08002588   Section        0  steeringengine.o(i.setAngle)
    i.setWheel                               0x080025c4   Section        0  steeringengine.o(i.setWheel)
    .data                                    0x20000000   Section       20  stm32f10x_rcc.o(.data)
    ADCPrescTable                            0x20000000   Data           4  stm32f10x_rcc.o(.data)
    APBAHBPrescTable                         0x20000004   Data          16  stm32f10x_rcc.o(.data)
    .data                                    0x20000014   Section        4  main.o(.data)
    .data                                    0x20000018   Section        2  steeringengine.o(.data)
    .data                                    0x2000001c   Section        8  distance.o(.data)
    .data                                    0x20000024   Section        4  usart.o(.data)
    .data                                    0x20000028   Section        4  usart.o(.data)
    .bss                                     0x2000002c   Section       30  usart.o(.bss)
    STACK                                    0x20000050   Section     1024  startup_stm32f10x_md.o(STACK)

    Global Symbols

    Symbol Name                              Value     Ov Type        Size  Object(Section)

    BuildAttributes$$THM_ISAv4$P$D$K$B$S$PE$A:L22UL41UL21$X:L11$S22US41US21$IEEE1$IW$USESV6$~STKCKD$USESV7$~SHL$OSPACE$ROPI$EBA8$MICROLIB$REQ8$PRES8$EABIv2 0x00000000   Number         0  anon$$obj.o ABSOLUTE
    __ARM_use_no_argv                        0x00000000   Number         0  main.o ABSOLUTE
    __use_no_errno                           0x00000000   Number         0  useno.o ABSOLUTE
    __use_no_exception_handling              0x00000000   Number         0  useno.o ABSOLUTE
    __use_no_fp                              0x00000000   Number         0  useno.o ABSOLUTE
    __use_no_heap                            0x00000000   Number         0  useno.o ABSOLUTE
    __use_no_heap_region                     0x00000000   Number         0  useno.o ABSOLUTE
    __use_no_semihosting                     0x00000000   Number         0  useno.o ABSOLUTE
    __use_no_semihosting_swi                 0x00000000   Number         0  useno.o ABSOLUTE
    __use_no_signal_handling                 0x00000000   Number         0  useno.o ABSOLUTE
    _printf_a                                0x00000000   Number         0  stubs.o ABSOLUTE
    _printf_c                                0x00000000   Number         0  stubs.o ABSOLUTE
    _printf_charcount                        0x00000000   Number         0  stubs.o ABSOLUTE
    _printf_d                                0x00000000   Number         0  stubs.o ABSOLUTE
    _printf_e                                0x00000000   Number         0  stubs.o ABSOLUTE
    _printf_f                                0x00000000   Number         0  stubs.o ABSOLUTE
    _printf_flags                            0x00000000   Number         0  stubs.o ABSOLUTE
    _printf_fp_dec                           0x00000000   Number         0  stubs.o ABSOLUTE
    _printf_fp_hex                           0x00000000   Number         0  stubs.o ABSOLUTE
    _printf_g                                0x00000000   Number         0  stubs.o ABSOLUTE
    _printf_i                                0x00000000   Number         0  stubs.o ABSOLUTE
    _printf_int_dec                          0x00000000   Number         0  stubs.o ABSOLUTE
    _printf_l                                0x00000000   Number         0  stubs.o ABSOLUTE
    _printf_lc                               0x00000000   Number         0  stubs.o ABSOLUTE
    _printf_ll                               0x00000000   Number         0  stubs.o ABSOLUTE
    _printf_lld                              0x00000000   Number         0  stubs.o ABSOLUTE
    _printf_lli                              0x00000000   Number         0  stubs.o ABSOLUTE
    _printf_llo                              0x00000000   Number         0  stubs.o ABSOLUTE
    _printf_llu                              0x00000000   Number         0  stubs.o ABSOLUTE
    _printf_llx                              0x00000000   Number         0  stubs.o ABSOLUTE
    _printf_longlong_dec                     0x00000000   Number         0  stubs.o ABSOLUTE
    _printf_longlong_hex                     0x00000000   Number         0  stubs.o ABSOLUTE
    _printf_longlong_oct                     0x00000000   Number         0  stubs.o ABSOLUTE
    _printf_ls                               0x00000000   Number         0  stubs.o ABSOLUTE
    _printf_mbtowc                           0x00000000   Number         0  stubs.o ABSOLUTE
    _printf_n                                0x00000000   Number         0  stubs.o ABSOLUTE
    _printf_o                                0x00000000   Number         0  stubs.o ABSOLUTE
    _printf_p                                0x00000000   Number         0  stubs.o ABSOLUTE
    _printf_percent                          0x00000000   Number         0  stubs.o ABSOLUTE
    _printf_pre_padding                      0x00000000   Number         0  stubs.o ABSOLUTE
    _printf_return_value                     0x00000000   Number         0  stubs.o ABSOLUTE
    _printf_s                                0x00000000   Number         0  stubs.o ABSOLUTE
    _printf_sizespec                         0x00000000   Number         0  stubs.o ABSOLUTE
    _printf_str                              0x00000000   Number         0  stubs.o ABSOLUTE
    _printf_truncate_signed                  0x00000000   Number         0  stubs.o ABSOLUTE
    _printf_truncate_unsigned                0x00000000   Number         0  stubs.o ABSOLUTE
    _printf_u                                0x00000000   Number         0  stubs.o ABSOLUTE
    _printf_wc                               0x00000000   Number         0  stubs.o ABSOLUTE
    _printf_wctomb                           0x00000000   Number         0  stubs.o ABSOLUTE
    _printf_widthprec                        0x00000000   Number         0  stubs.o ABSOLUTE
    _printf_x                                0x00000000   Number         0  stubs.o ABSOLUTE
    __cpp_initialize__aeabi_                  - Undefined Weak Reference
    __cxa_finalize                            - Undefined Weak Reference
    __decompress                              - Undefined Weak Reference
    _clock_init                               - Undefined Weak Reference
    _microlib_exit                            - Undefined Weak Reference
    __Vectors_Size                           0x000000ec   Number         0  startup_stm32f10x_md.o ABSOLUTE
    __Vectors                                0x08000000   Data           4  startup_stm32f10x_md.o(RESET)
    __Vectors_End                            0x080000ec   Data           0  startup_stm32f10x_md.o(RESET)
    __main                                   0x080000ed   Thumb Code     0  entry.o(.ARM.Collect$$$$00000000)
    _main_stk                                0x080000ed   Thumb Code     0  entry2.o(.ARM.Collect$$$$00000001)
    _main_scatterload                        0x080000f1   Thumb Code     0  entry5.o(.ARM.Collect$$$$00000004)
    __main_after_scatterload                 0x080000f5   Thumb Code     0  entry5.o(.ARM.Collect$$$$00000004)
    _main_clock                              0x080000f5   Thumb Code     0  entry7b.o(.ARM.Collect$$$$00000008)
    _main_cpp_init                           0x080000f5   Thumb Code     0  entry8b.o(.ARM.Collect$$$$0000000A)
    _main_init                               0x080000f5   Thumb Code     0  entry9a.o(.ARM.Collect$$$$0000000B)
    __rt_final_cpp                           0x080000fd   Thumb Code     0  entry10a.o(.ARM.Collect$$$$0000000D)
    __rt_final_exit                          0x080000fd   Thumb Code     0  entry11a.o(.ARM.Collect$$$$0000000F)
    Reset_Handler                            0x08000101   Thumb Code     8  startup_stm32f10x_md.o(.text)
    ADC1_2_IRQHandler                        0x0800011b   Thumb Code     0  startup_stm32f10x_md.o(.text)
    CAN1_RX1_IRQHandler                      0x0800011b   Thumb Code     0  startup_stm32f10x_md.o(.text)
    CAN1_SCE_IRQHandler                      0x0800011b   Thumb Code     0  startup_stm32f10x_md.o(.text)
    DMA1_Channel1_IRQHandler                 0x0800011b   Thumb Code     0  startup_stm32f10x_md.o(.text)
    DMA1_Channel2_IRQHandler                 0x0800011b   Thumb Code     0  startup_stm32f10x_md.o(.text)
    DMA1_Channel3_IRQHandler                 0x0800011b   Thumb Code     0  startup_stm32f10x_md.o(.text)
    DMA1_Channel4_IRQHandler                 0x0800011b   Thumb Code     0  startup_stm32f10x_md.o(.text)
    DMA1_Channel5_IRQHandler                 0x0800011b   Thumb Code     0  startup_stm32f10x_md.o(.text)
    DMA1_Channel6_IRQHandler                 0x0800011b   Thumb Code     0  startup_stm32f10x_md.o(.text)
    DMA1_Channel7_IRQHandler                 0x0800011b   Thumb Code     0  startup_stm32f10x_md.o(.text)
    EXTI0_IRQHandler                         0x0800011b   Thumb Code     0  startup_stm32f10x_md.o(.text)
    EXTI15_10_IRQHandler                     0x0800011b   Thumb Code     0  startup_stm32f10x_md.o(.text)
    EXTI2_IRQHandler                         0x0800011b   Thumb Code     0  startup_stm32f10x_md.o(.text)
    EXTI3_IRQHandler                         0x0800011b   Thumb Code     0  startup_stm32f10x_md.o(.text)
    EXTI4_IRQHandler                         0x0800011b   Thumb Code     0  startup_stm32f10x_md.o(.text)
    EXTI9_5_IRQHandler                       0x0800011b   Thumb Code     0  startup_stm32f10x_md.o(.text)
    FLASH_IRQHandler                         0x0800011b   Thumb Code     0  startup_stm32f10x_md.o(.text)
    I2C1_ER_IRQHandler                       0x0800011b   Thumb Code     0  startup_stm32f10x_md.o(.text)
    I2C1_EV_IRQHandler                       0x0800011b   Thumb Code     0  startup_stm32f10x_md.o(.text)
    I2C2_ER_IRQHandler                       0x0800011b   Thumb Code     0  startup_stm32f10x_md.o(.text)
    I2C2_EV_IRQHandler                       0x0800011b   Thumb Code     0  startup_stm32f10x_md.o(.text)
    PVD_IRQHandler                           0x0800011b   Thumb Code     0  startup_stm32f10x_md.o(.text)
    RCC_IRQHandler                           0x0800011b   Thumb Code     0  startup_stm32f10x_md.o(.text)
    RTCAlarm_IRQHandler                      0x0800011b   Thumb Code     0  startup_stm32f10x_md.o(.text)
    RTC_IRQHandler                           0x0800011b   Thumb Code     0  startup_stm32f10x_md.o(.text)
    SPI1_IRQHandler                          0x0800011b   Thumb Code     0  startup_stm32f10x_md.o(.text)
    SPI2_IRQHandler                          0x0800011b   Thumb Code     0  startup_stm32f10x_md.o(.text)
    TAMPER_IRQHandler                        0x0800011b   Thumb Code     0  startup_stm32f10x_md.o(.text)
    TIM1_BRK_IRQHandler                      0x0800011b   Thumb Code     0  startup_stm32f10x_md.o(.text)
    TIM1_CC_IRQHandler                       0x0800011b   Thumb Code     0  startup_stm32f10x_md.o(.text)
    TIM1_TRG_COM_IRQHandler                  0x0800011b   Thumb Code     0  startup_stm32f10x_md.o(.text)
    TIM1_UP_IRQHandler                       0x0800011b   Thumb Code     0  startup_stm32f10x_md.o(.text)
    TIM3_IRQHandler                          0x0800011b   Thumb Code     0  startup_stm32f10x_md.o(.text)
    TIM4_IRQHandler                          0x0800011b   Thumb Code     0  startup_stm32f10x_md.o(.text)
    USART2_IRQHandler                        0x0800011b   Thumb Code     0  startup_stm32f10x_md.o(.text)
    USBWakeUp_IRQHandler                     0x0800011b   Thumb Code     0  startup_stm32f10x_md.o(.text)
    USB_HP_CAN1_TX_IRQHandler                0x0800011b   Thumb Code     0  startup_stm32f10x_md.o(.text)
    USB_LP_CAN1_RX0_IRQHandler               0x0800011b   Thumb Code     0  startup_stm32f10x_md.o(.text)
    WWDG_IRQHandler                          0x0800011b   Thumb Code     0  startup_stm32f10x_md.o(.text)
    __aeabi_uidiv                            0x08000125   Thumb Code     0  uidiv.o(.text)
    __aeabi_uidivmod                         0x08000125   Thumb Code    44  uidiv.o(.text)
    __scatterload                            0x08000151   Thumb Code    28  init.o(.text)
    __scatterload_rt2                        0x08000151   Thumb Code     0  init.o(.text)
    BusFault_Handler                         0x08000175   Thumb Code     2  stm32f10x_it.o(i.BusFault_Handler)
    DebugMon_Handler                         0x08000177   Thumb Code     2  stm32f10x_it.o(i.DebugMon_Handler)
    EXTI1_IRQHandler                         0x08000179   Thumb Code    36  distance.o(i.EXTI1_IRQHandler)
    EXTI_ClearITPendingBit                   0x080001a5   Thumb Code    24  stm32f10x_exti.o(i.EXTI_ClearITPendingBit)
    GPIO_Configuration                       0x080001d9   Thumb Code   106  main.o(i.GPIO_Configuration)
    GPIO_Init                                0x08000251   Thumb Code   288  stm32f10x_gpio.o(i.GPIO_Init)
    GPIO_ReadInputDataBit                    0x080003a5   Thumb Code   162  stm32f10x_gpio.o(i.GPIO_ReadInputDataBit)
    HardFault_Handler                        0x0800047d   Thumb Code     2  stm32f10x_it.o(i.HardFault_Handler)
    MemManage_Handler                        0x0800047f   Thumb Code     2  stm32f10x_it.o(i.MemManage_Handler)
    NMI_Handler                              0x08000481   Thumb Code     2  stm32f10x_it.o(i.NMI_Handler)
    NVIC_Init                                0x08000485   Thumb Code   142  misc.o(i.NVIC_Init)
    NVIC_PriorityGroupConfig                 0x08000525   Thumb Code    52  misc.o(i.NVIC_PriorityGroupConfig)
    PendSV_Handler                           0x0800056d   Thumb Code     2  stm32f10x_it.o(i.PendSV_Handler)
    RCC_APB1PeriphClockCmd                   0x08000571   Thumb Code    56  stm32f10x_rcc.o(i.RCC_APB1PeriphClockCmd)
    RCC_APB2PeriphClockCmd                   0x080005c5   Thumb Code    56  stm32f10x_rcc.o(i.RCC_APB2PeriphClockCmd)
    RCC_Configuration                        0x08000619   Thumb Code    30  main.o(i.RCC_Configuration)
    RCC_GetClocksFreq                        0x08000639   Thumb Code   132  stm32f10x_rcc.o(i.RCC_GetClocksFreq)
    STOP                                     0x080006cd   Thumb Code    26  main.o(i.STOP)
    SVC_Handler                              0x080006e7   Thumb Code     2  stm32f10x_it.o(i.SVC_Handler)
    SysTick_Handler                          0x08000791   Thumb Code     2  stm32f10x_it.o(i.SysTick_Handler)
    SystemInit                               0x08000795   Thumb Code    64  system_stm32f10x.o(i.SystemInit)
    TIM2_IRQHandler                          0x080007e5   Thumb Code    24  distance.o(i.TIM2_IRQHandler)
    TIM_ARRPreloadConfig                     0x08000805   Thumb Code   152  stm32f10x_tim.o(i.TIM_ARRPreloadConfig)
    TIM_ClearITPendingBit                    0x080008f1   Thumb Code   140  stm32f10x_tim.o(i.TIM_ClearITPendingBit)
    TIM_Cmd                                  0x080009d1   Thumb Code   152  stm32f10x_tim.o(i.TIM_Cmd)
    TIM_CtrlPWMOutputs                       0x08000abd   Thumb Code    84  stm32f10x_tim.o(i.TIM_CtrlPWMOutputs)
    TIM_OC1Init                              0x08000b39   Thumb Code   364  stm32f10x_tim.o(i.TIM_OC1Init)
    TIM_OC1PreloadConfig                     0x08000cf1   Thumb Code   134  stm32f10x_tim.o(i.TIM_OC1PreloadConfig)
    TIM_OC2Init                              0x08000dc5   Thumb Code   342  stm32f10x_tim.o(i.TIM_OC2Init)
    TIM_OC2PreloadConfig                     0x08000f51   Thumb Code   106  stm32f10x_tim.o(i.TIM_OC2PreloadConfig)
    TIM_OC3Init                              0x08000ff1   Thumb Code   320  stm32f10x_tim.o(i.TIM_OC3Init)
    TIM_OC3PreloadConfig                     0x08001159   Thumb Code    80  stm32f10x_tim.o(i.TIM_OC3PreloadConfig)
    TIM_OC4Init                              0x080011d1   Thumb Code   238  stm32f10x_tim.o(i.TIM_OC4Init)
    TIM_OC4PreloadConfig                     0x080012e9   Thumb Code    88  stm32f10x_tim.o(i.TIM_OC4PreloadConfig)
    TIM_PWM_Init                             0x08001369   Thumb Code   306  steeringengine.o(i.TIM_PWM_Init)
    TIM_SetCompare1                          0x080014ad   Thumb Code   110  stm32f10x_tim.o(i.TIM_SetCompare1)
    TIM_SetCompare2                          0x08001569   Thumb Code    74  stm32f10x_tim.o(i.TIM_SetCompare2)
    TIM_SetCompare3                          0x080015e9   Thumb Code    56  stm32f10x_tim.o(i.TIM_SetCompare3)
    TIM_SetCompare4                          0x08001649   Thumb Code    58  stm32f10x_tim.o(i.TIM_SetCompare4)
    TIM_TimeBaseInit                         0x080016ad   Thumb Code   280  stm32f10x_tim.o(i.TIM_TimeBaseInit)
    USART1_IRQHandler                        0x08001819   Thumb Code    92  usart.o(i.USART1_IRQHandler)
    USART3_Configuration                     0x08001881   Thumb Code    80  main.o(i.USART3_Configuration)
    USART3_IRQHandler                        0x080018d5   Thumb Code   264  main.o(i.USART3_IRQHandler)
    USART3_RCC_Configuration                 0x080019e5   Thumb Code     8  main.o(i.USART3_RCC_Configuration)
    USART_ClearFlag                          0x080019ed   Thumb Code   102  stm32f10x_usart.o(i.USART_ClearFlag)
    USART_ClearITPendingBit                  0x08001a81   Thumb Code   134  stm32f10x_usart.o(i.USART_ClearITPendingBit)
    USART_Cmd                                0x08001b35   Thumb Code    80  stm32f10x_usart.o(i.USART_Cmd)
    USART_GetFlagStatus                      0x08001bb1   Thumb Code   140  stm32f10x_usart.o(i.USART_GetFlagStatus)
    USART_GetITStatus                        0x08001c69   Thumb Code   222  stm32f10x_usart.o(i.USART_GetITStatus)
    USART_ITConfig                           0x08001d75   Thumb Code   210  stm32f10x_usart.o(i.USART_ITConfig)
    USART_Init                               0x08001e75   Thumb Code   370  stm32f10x_usart.o(i.USART_Init)
    USART_ReceiveData                        0x08002019   Thumb Code    52  stm32f10x_usart.o(i.USART_ReceiveData)
    USART_SendData                           0x08002079   Thumb Code    70  stm32f10x_usart.o(i.USART_SendData)
    UsageFault_Handler                       0x080020ed   Thumb Code     2  stm32f10x_it.o(i.UsageFault_Handler)
    __0printf$3                              0x080020f1   Thumb Code    22  printf3.o(i.__0printf$3)
    __1printf$3                              0x080020f1   Thumb Code     0  printf3.o(i.__0printf$3)
    __2printf                                0x080020f1   Thumb Code     0  printf3.o(i.__0printf$3)
    __scatterload_copy                       0x08002111   Thumb Code    14  handlers.o(i.__scatterload_copy)
    __scatterload_null                       0x0800211f   Thumb Code     2  handlers.o(i.__scatterload_null)
    __scatterload_zeroinit                   0x08002121   Thumb Code    14  handlers.o(i.__scatterload_zeroinit)
    assert_failed                            0x080022e9   Thumb Code    12  main.o(i.assert_failed)
    choose1                                  0x08002325   Thumb Code    14  main.o(i.choose1)
    choose2                                  0x08002339   Thumb Code    28  main.o(i.choose2)
    delay_nms                                0x08002359   Thumb Code    22  delay.o(i.delay_nms)
    delay_nus                                0x0800236f   Thumb Code    16  delay.o(i.delay_nus)
    duoji_1                                  0x0800237f   Thumb Code    22  main.o(i.duoji_1)
    duoji_2                                  0x08002395   Thumb Code    22  main.o(i.duoji_2)
    duoji_3                                  0x080023ab   Thumb Code    22  main.o(i.duoji_3)
    duoji_4                                  0x080023c1   Thumb Code    22  main.o(i.duoji_4)
    duoji_5                                  0x080023d7   Thumb Code    22  main.o(i.duoji_5)
    duoji_close                              0x080023ed   Thumb Code    20  main.o(i.duoji_close)
    duoji_open                               0x08002401   Thumb Code     6  main.o(i.duoji_open)
    fputc                                    0x08002409   Thumb Code    30  usart.o(i.fputc)
    main                                     0x0800242d   Thumb Code   138  main.o(i.main)
    nvic                                     0x080024c1   Thumb Code   136  main.o(i.nvic)
    pagan_init                               0x08002549   Thumb Code    58  main.o(i.pagan_init)
    setAngle                                 0x08002589   Thumb Code    50  steeringengine.o(i.setAngle)
    setWheel                                 0x080025c5   Thumb Code    44  steeringengine.o(i.setWheel)
    Region$$Table$$Base                      0x080025f8   Number         0  anon$$obj.o(Region$$Table)
    Region$$Table$$Limit                     0x08002618   Number         0  anon$$obj.o(Region$$Table)
    RxData                                   0x20000014   Data           1  main.o(.data)
    flag                                     0x20000015   Data           1  main.o(.data)
    flag_count                               0x20000016   Data           1  main.o(.data)
    f2                                       0x20000017   Data           1  main.o(.data)
    zhang                                    0x20000018   Data           1  steeringengine.o(.data)
    xue                                      0x20000019   Data           1  steeringengine.o(.data)
    black                                    0x2000001c   Data           4  distance.o(.data)
    m                                        0x20000020   Data           4  distance.o(.data)
    len                                      0x20000024   Data           1  usart.o(.data)
    USART_RX_STA                             0x20000026   Data           2  usart.o(.data)
    __stdout                                 0x20000028   Data           4  usart.o(.data)
    USART_RX_BUF                             0x2000002c   Data          30  usart.o(.bss)
    __initial_sp                             0x20000450   Data           0  startup_stm32f10x_md.o(STACK)



==============================================================================

Memory Map of the image

  Image Entry point : 0x08000101

  Load Region LR_1 (Base: 0x08000000, Size: 0x00002644, Max: 0xffffffff, ABSOLUTE)

    Execution Region ER_RO (Base: 0x08000000, Size: 0x00002618, Max: 0xffffffff, ABSOLUTE)

    Base Addr    Size         Type   Attr      Idx    E Section Name        Object

    0x08000000   0x000000ec   Data   RO         3128    RESET               startup_stm32f10x_md.o
    0x080000ec   0x00000000   Code   RO         3559  * .ARM.Collect$$$$00000000  mc_w.l(entry.o)
    0x080000ec   0x00000004   Code   RO         3825    .ARM.Collect$$$$00000001  mc_w.l(entry2.o)
    0x080000f0   0x00000004   Code   RO         3828    .ARM.Collect$$$$00000004  mc_w.l(entry5.o)
    0x080000f4   0x00000000   Code   RO         3830    .ARM.Collect$$$$00000008  mc_w.l(entry7b.o)
    0x080000f4   0x00000000   Code   RO         3832    .ARM.Collect$$$$0000000A  mc_w.l(entry8b.o)
    0x080000f4   0x00000008   Code   RO         3833    .ARM.Collect$$$$0000000B  mc_w.l(entry9a.o)
    0x080000fc   0x00000000   Code   RO         3835    .ARM.Collect$$$$0000000D  mc_w.l(entry10a.o)
    0x080000fc   0x00000000   Code   RO         3837    .ARM.Collect$$$$0000000F  mc_w.l(entry11a.o)
    0x080000fc   0x00000004   Code   RO         3826    .ARM.Collect$$$$00002712  mc_w.l(entry2.o)
    0x08000100   0x00000024   Code   RO         3129  * .text               startup_stm32f10x_md.o
    0x08000124   0x0000002c   Code   RO         3839    .text               mc_w.l(uidiv.o)
    0x08000150   0x00000024   Code   RO         3854    .text               mc_w.l(init.o)
    0x08000174   0x00000002   Code   RO         3274    i.BusFault_Handler  stm32f10x_it.o
    0x08000176   0x00000002   Code   RO         3275    i.DebugMon_Handler  stm32f10x_it.o
    0x08000178   0x0000002c   Code   RO         3412    i.EXTI1_IRQHandler  distance.o
    0x080001a4   0x00000034   Code   RO          887    i.EXTI_ClearITPendingBit  stm32f10x_exti.o
    0x080001d8   0x00000078   Code   RO         3134    i.GPIO_Configuration  main.o
    0x08000250   0x00000154   Code   RO         1238    i.GPIO_Init         stm32f10x_gpio.o
    0x080003a4   0x000000d8   Code   RO         1242    i.GPIO_ReadInputDataBit  stm32f10x_gpio.o
    0x0800047c   0x00000002   Code   RO         3276    i.HardFault_Handler  stm32f10x_it.o
    0x0800047e   0x00000002   Code   RO         3277    i.MemManage_Handler  stm32f10x_it.o
    0x08000480   0x00000002   Code   RO         3278    i.NMI_Handler       stm32f10x_it.o
    0x08000482   0x00000002   PAD
    0x08000484   0x000000a0   Code   RO            1    i.NVIC_Init         misc.o
    0x08000524   0x00000048   Code   RO            2    i.NVIC_PriorityGroupConfig  misc.o
    0x0800056c   0x00000002   Code   RO         3279    i.PendSV_Handler    stm32f10x_it.o
    0x0800056e   0x00000002   PAD
    0x08000570   0x00000054   Code   RO         1737    i.RCC_APB1PeriphClockCmd  stm32f10x_rcc.o
    0x080005c4   0x00000054   Code   RO         1739    i.RCC_APB2PeriphClockCmd  stm32f10x_rcc.o
    0x08000618   0x0000001e   Code   RO         3135    i.RCC_Configuration  main.o
    0x08000636   0x00000002   PAD
    0x08000638   0x00000094   Code   RO         1747    i.RCC_GetClocksFreq  stm32f10x_rcc.o
    0x080006cc   0x0000001a   Code   RO         3136    i.STOP              main.o
    0x080006e6   0x00000002   Code   RO         3280    i.SVC_Handler       stm32f10x_it.o
    0x080006e8   0x000000a8   Code   RO         3337    i.SetSysClockTo72   system_stm32f10x.o
    0x08000790   0x00000002   Code   RO         3281    i.SysTick_Handler   stm32f10x_it.o
    0x08000792   0x00000002   PAD
    0x08000794   0x00000050   Code   RO         3339    i.SystemInit        system_stm32f10x.o
    0x080007e4   0x00000020   Code   RO         3414    i.TIM2_IRQHandler   distance.o
    0x08000804   0x000000ec   Code   RO         2356    i.TIM_ARRPreloadConfig  stm32f10x_tim.o
    0x080008f0   0x000000e0   Code   RO         2363    i.TIM_ClearITPendingBit  stm32f10x_tim.o
    0x080009d0   0x000000ec   Code   RO         2368    i.TIM_Cmd           stm32f10x_tim.o
    0x08000abc   0x0000007c   Code   RO         2370    i.TIM_CtrlPWMOutputs  stm32f10x_tim.o
    0x08000b38   0x000001b8   Code   RO         2397    i.TIM_OC1Init       stm32f10x_tim.o
    0x08000cf0   0x000000d4   Code   RO         2400    i.TIM_OC1PreloadConfig  stm32f10x_tim.o
    0x08000dc4   0x0000018c   Code   RO         2402    i.TIM_OC2Init       stm32f10x_tim.o
    0x08000f50   0x000000a0   Code   RO         2405    i.TIM_OC2PreloadConfig  stm32f10x_tim.o
    0x08000ff0   0x00000168   Code   RO         2407    i.TIM_OC3Init       stm32f10x_tim.o
    0x08001158   0x00000078   Code   RO         2410    i.TIM_OC3PreloadConfig  stm32f10x_tim.o
    0x080011d0   0x00000118   Code   RO         2412    i.TIM_OC4Init       stm32f10x_tim.o
    0x080012e8   0x00000080   Code   RO         2414    i.TIM_OC4PreloadConfig  stm32f10x_tim.o
    0x08001368   0x00000144   Code   RO         3384    i.TIM_PWM_Init      steeringengine.o
    0x080014ac   0x000000bc   Code   RO         2429    i.TIM_SetCompare1   stm32f10x_tim.o
    0x08001568   0x00000080   Code   RO         2430    i.TIM_SetCompare2   stm32f10x_tim.o
    0x080015e8   0x00000060   Code   RO         2431    i.TIM_SetCompare3   stm32f10x_tim.o
    0x08001648   0x00000064   Code   RO         2432    i.TIM_SetCompare4   stm32f10x_tim.o
    0x080016ac   0x0000016c   Code   RO         2439    i.TIM_TimeBaseInit  stm32f10x_tim.o
    0x08001818   0x00000068   Code   RO         3502    i.USART1_IRQHandler  usart.o
    0x08001880   0x00000054   Code   RO         3137    i.USART3_Configuration  main.o
    0x080018d4   0x00000110   Code   RO         3138    i.USART3_IRQHandler  main.o
    0x080019e4   0x00000008   Code   RO         3139    i.USART3_RCC_Configuration  main.o
    0x080019ec   0x00000094   Code   RO         2892    i.USART_ClearFlag   stm32f10x_usart.o
    0x08001a80   0x000000b4   Code   RO         2893    i.USART_ClearITPendingBit  stm32f10x_usart.o
    0x08001b34   0x0000007c   Code   RO         2896    i.USART_Cmd         stm32f10x_usart.o
    0x08001bb0   0x000000b8   Code   RO         2899    i.USART_GetFlagStatus  stm32f10x_usart.o
    0x08001c68   0x0000010c   Code   RO         2900    i.USART_GetITStatus  stm32f10x_usart.o
    0x08001d74   0x00000100   Code   RO         2902    i.USART_ITConfig    stm32f10x_usart.o
    0x08001e74   0x000001a4   Code   RO         2903    i.USART_Init        stm32f10x_usart.o
    0x08002018   0x00000060   Code   RO         2910    i.USART_ReceiveData  stm32f10x_usart.o
    0x08002078   0x00000074   Code   RO         2913    i.USART_SendData    stm32f10x_usart.o
    0x080020ec   0x00000002   Code   RO         3282    i.UsageFault_Handler  stm32f10x_it.o
    0x080020ee   0x00000002   PAD
    0x080020f0   0x00000020   Code   RO         3653    i.__0printf$3       mc_w.l(printf3.o)
    0x08002110   0x0000000e   Code   RO         3866    i.__scatterload_copy  mc_w.l(handlers.o)
    0x0800211e   0x00000002   Code   RO         3867    i.__scatterload_null  mc_w.l(handlers.o)
    0x08002120   0x0000000e   Code   RO         3868    i.__scatterload_zeroinit  mc_w.l(handlers.o)
    0x0800212e   0x00000002   PAD
    0x08002130   0x000001b8   Code   RO         3660    i._printf_core      mc_w.l(printf3.o)
    0x080022e8   0x0000003c   Code   RO         3140    i.assert_failed     main.o
    0x08002324   0x00000014   Code   RO         3141    i.choose1           main.o
    0x08002338   0x00000020   Code   RO         3142    i.choose2           main.o
    0x08002358   0x00000016   Code   RO         3366    i.delay_nms         delay.o
    0x0800236e   0x00000010   Code   RO         3367    i.delay_nus         delay.o
    0x0800237e   0x00000016   Code   RO         3143    i.duoji_1           main.o
    0x08002394   0x00000016   Code   RO         3144    i.duoji_2           main.o
    0x080023aa   0x00000016   Code   RO         3145    i.duoji_3           main.o
    0x080023c0   0x00000016   Code   RO         3146    i.duoji_4           main.o
    0x080023d6   0x00000016   Code   RO         3147    i.duoji_5           main.o
    0x080023ec   0x00000014   Code   RO         3148    i.duoji_close       main.o
    0x08002400   0x00000006   Code   RO         3149    i.duoji_open        main.o
    0x08002406   0x00000002   PAD
    0x08002408   0x00000024   Code   RO         3504    i.fputc             usart.o
    0x0800242c   0x00000094   Code   RO         3150    i.main              main.o
    0x080024c0   0x00000088   Code   RO         3151    i.nvic              main.o
    0x08002548   0x00000040   Code   RO         3152    i.pagan_init        main.o
    0x08002588   0x0000003c   Code   RO         3385    i.setAngle          steeringengine.o
    0x080025c4   0x00000034   Code   RO         3386    i.setWheel          steeringengine.o
    0x080025f8   0x00000020   Data   RO         3864    Region$$Table       anon$$obj.o


    Execution Region ER_RW (Base: 0x20000000, Size: 0x0000002c, Max: 0xffffffff, ABSOLUTE)

    Base Addr    Size         Type   Attr      Idx    E Section Name        Object

    0x20000000   0x00000014   Data   RW         1767    .data               stm32f10x_rcc.o
    0x20000014   0x00000004   Data   RW         3153    .data               main.o
    0x20000018   0x00000002   Data   RW         3387    .data               steeringengine.o
    0x2000001a   0x00000002   PAD
    0x2000001c   0x00000008   Data   RW         3415    .data               distance.o
    0x20000024   0x00000004   Data   RW         3509    .data               usart.o
    0x20000028   0x00000004   Data   RW         3510    .data               usart.o


    Execution Region ER_ZI (Base: 0x2000002c, Size: 0x00000424, Max: 0xffffffff, ABSOLUTE)

    Base Addr    Size         Type   Attr      Idx    E Section Name        Object

    0x2000002c   0x0000001e   Zero   RW         3508    .bss                usart.o
    0x2000004a   0x00000006   PAD
    0x20000050   0x00000400   Zero   RW         3126    STACK               startup_stm32f10x_md.o


==============================================================================

Image component sizes


      Code (inc. data)   RO Data    RW Data    ZI Data      Debug   Object Name

        38          0          0          0          0       1096   delay.o
        76         16          0          8          0       1095   distance.o
      1136        100          0          4          0       9267   main.o
       232         38          0          0          0     223399   misc.o
        36          8        236          0       1024        804   startup_stm32f10x_md.o
       436         36          0          2          0       1913   steeringengine.o
        52         28          0          0          0        481   stm32f10x_exti.o
       556        106          0          0          0       2352   stm32f10x_gpio.o
        18          0          0          0          0       3606   stm32f10x_it.o
         0          0          0          0          0     236628   stm32f10x_iwdg.o
       316         72          0         20          0       4182   stm32f10x_rcc.o
      3792       1014          0          0          0      10829   stm32f10x_tim.o
      1792        412          0          0          0       6993   stm32f10x_usart.o
       248         24          0          0          0       1429   system_stm32f10x.o
       140         18          0          8         30       2776   usart.o

    ----------------------------------------------------------------------
      8880       1872        268         44       1060     506850   Object Totals
         0          0         32          0          0          0   (incl. Generated)
        12          0          0          2          6          0   (incl. Padding)

    ----------------------------------------------------------------------

      Code (inc. data)   RO Data    RW Data    ZI Data      Debug   Library Member Name

         0          0          0          0          0          0   entry.o
         0          0          0          0          0          0   entry10a.o
         0          0          0          0          0          0   entry11a.o
         8          4          0          0          0          0   entry2.o
         4          0          0          0          0          0   entry5.o
         0          0          0          0          0          0   entry7b.o
         0          0          0          0          0          0   entry8b.o
         8          4          0          0          0          0   entry9a.o
        30          0          0          0          0          0   handlers.o
        36          8          0          0          0         68   init.o
       472         14          0          0          0        184   printf3.o
        44          0          0          0          0         80   uidiv.o

    ----------------------------------------------------------------------
       604         30          0          0          0        332   Library Totals
         2          0          0          0          0          0   (incl. Padding)

    ----------------------------------------------------------------------

      Code (inc. data)   RO Data    RW Data    ZI Data      Debug   Library Name

       602         30          0          0          0        332   mc_w.l

    ----------------------------------------------------------------------
       604         30          0          0          0        332   Library Totals

    ----------------------------------------------------------------------

==============================================================================


      Code (inc. data)   RO Data    RW Data    ZI Data      Debug   

      9484       1902        268         44       1060     503590   Grand Totals
      9484       1902        268         44       1060     503590   ELF Image Totals
      9484       1902        268         44          0          0   ROM Totals

==============================================================================

    Total RO  Size (Code + RO Data)                 9752 (   9.52kB)
    Total RW  Size (RW Data + ZI Data)              1104 (   1.08kB)
    Total ROM Size (Code + RO Data + RW Data)       9796 (   9.57kB)

==============================================================================

