<html>
<body>
<pre>
<h1>礦ision Build Log</h1>
<h2>Tool Versions:</h2>
IDE-Version: μVision V5.14.0.0
Copyright (C) 2015 ARM Ltd and ARM Germany GmbH. All rights reserved.
License Information: chen kevinchen, kevinchen, LIC=----
 
Tool Versions:
Toolchain:       MDK-Lite  Version: 5.14.0.0
Toolchain Path:  C:\Keil_v5\ARM\ARMCC\Bin
C Compiler:      Armcc.exe V5.05 update 1 (build 106)
Assembler:       Armasm.exe V5.05 update 1 (build 106)
Linker/Locator:  ArmLink.exe V5.05 update 1 (build 106)
Library Manager: ArmAr.exe V5.05 update 1 (build 106)
Hex Converter:   FromElf.exe V5.05 update 1 (build 106)
CPU DLL:         SARMCM3.DLL V5.14.0.0
Dialog DLL:      DCM.DLL V1.13.1.0
Target DLL:      STLink\ST-LINKIII-KEIL_SWO.dll V2.0.14.0_KEIL
Dialog DLL:      TCM.DLL V1.14.4.0
 
<h2>Project:</h2>
C:\Users\kevinchen\Desktop\机器人8.5\机器人8.5\Project.uvprojx
Project File Date:  08/05/2018

<h2>Output:</h2>
Rebuild target 'STM32F10X_MD'
compiling misc.c...
compiling stm32f10x_adc.c...
compiling stm32f10x_bkp.c...
compiling stm32f10x_can.c...
compiling stm32f10x_cec.c...
compiling stm32f10x_crc.c...
compiling stm32f10x_dac.c...
compiling stm32f10x_dbgmcu.c...
compiling stm32f10x_dma.c...
compiling stm32f10x_exti.c...
compiling stm32f10x_flash.c...
compiling stm32f10x_fsmc.c...
compiling stm32f10x_gpio.c...
compiling stm32f10x_i2c.c...
compiling stm32f10x_iwdg.c...
compiling stm32f10x_pwr.c...
compiling stm32f10x_rcc.c...
compiling stm32f10x_rtc.c...
compiling stm32f10x_sdio.c...
compiling stm32f10x_spi.c...
compiling stm32f10x_tim.c...
compiling stm32f10x_usart.c...
compiling stm32f10x_wwdg.c...
assembling startup_stm32f10x_md.s...
compiling main.c...
main\SteeringEngine.h(6): warning:  #1295-D: Deprecated declaration TIM_PWM_Init - give arg types
  void TIM_PWM_Init();
main\SteeringEngine.h(8): warning:  #1295-D: Deprecated declaration nvic - give arg types
  void nvic();
main\SteeringEngine.h(10): warning:  #1-D: last line of file ends without a newline
  #endif
main\Distance.h(5): warning:  #1-D: last line of file ends without a newline
  float GetDistance(void);
main\rfid.h(12): warning:  #1-D: last line of file ends without a newline
  #endif
main\main.c(123): warning:  #1-D: last line of file ends without a newline
  }
main\main.c: 6 warnings, 0 errors
compiling stm32f10x_it.c...
compiling system_stm32f10x.c...
compiling delay.c...
compiling SteeringEngine.c...
main\SteeringEngine.c(144): warning:  #1-D: last line of file ends without a newline
  }*/
main\SteeringEngine.c: 1 warning, 0 errors
compiling Distance.c...
main\Distance.c(5): warning:  #550-D: parameter "dis" was set but never used
   void FUN(float dis){
main\Distance.c(99): warning:  #1-D: last line of file ends without a newline
        
main\Distance.c: 2 warnings, 0 errors
compiling rfid.c...
main\rfid.h(12): warning:  #1-D: last line of file ends without a newline
  #endif
main\rfid.c(161): warning:  #1-D: last line of file ends without a newline
        
main\rfid.c: 2 warnings, 0 errors
compiling sys.c...
compiling usart.c...
compiling color.c...
linking...
Program Size: Code=6872 RO-data=268 RW-data=20 ZI-data=1060  
FromELF: creating hex file...
".\obj\STM32F10X_MD.axf" - 0 Error(s), 11 Warning(s).

<h2>Software Packages used:</h2>

Package Vendor: ARM
                http://www.keil.com/pack/ARM.CMSIS.4.2.0.pack
                ARM::CMSIS:CORE:3.40.0
                CMSIS (Cortex Microcontroller Software Interface Standard)
   * Component: CORE Version: 3.40.0

<h2>Collection of Component include folders:</h2>
  C:\Users\kevinchen\Desktop\机器人8.5\机器人8.5\RTE
  C:\Keil_v5\ARM\PACK\ARM\CMSIS\4.2.0\CMSIS\Include
  C:\Keil_v5\ARM\PACK\Keil\STM32F1xx_DFP\1.0.5\Device\Include

<h2>Collection of Component Files used:</h2>

   * Component: ARM::CMSIS:CORE:3.40.0
      Source file:   CMSIS\UserCodeTemplates\ARM\ITM_Retarget.c
</pre>
</body>
</html>
